Component: ARM Compiler 5.06 update 5 (build 528) Tool: armlink [4d35e2]

==============================================================================

Section Cross References

    main.o(i.Menu_Back) refers to lcd.o(i.lcdDrawRect) for lcdDrawRect
    main.o(i.Menu_Back) refers to lcd.o(i.lcdPrintString) for lcdPrintString
    main.o(i.Menu_Back) refers to arial_10pt.o(.constdata) for arial_10ptFontInfo
    main.o(i.Menu_ChangeAngle) refers to lcd.o(i.lcdClear) for lcdClear
    main.o(i.Menu_ChangeAngle) refers to main.o(i.Menu_Topbar) for Menu_Topbar
    main.o(i.Menu_ChangeAngle) refers to main.o(i.Menu_Back) for Menu_Back
    main.o(i.Menu_ChangeAngle) refers to lcd.o(i.lcdPrintString) for lcdPrintString
    main.o(i.Menu_ChangeAngle) refers to lcd.o(i.lcdDrawRect) for lcdDrawRect
    main.o(i.Menu_ChangeAngle) refers to main.o(i.Menu_Numpad) for Menu_Numpad
    main.o(i.Menu_ChangeAngle) refers to arial_14pt.o(.constdata) for arial_14ptFontInfo
    main.o(i.Menu_ChangeDate) refers to lcd.o(i.lcdClear) for lcdClear
    main.o(i.Menu_ChangeDate) refers to main.o(i.Menu_Topbar) for Menu_Topbar
    main.o(i.Menu_ChangeDate) refers to main.o(i.Menu_Back) for Menu_Back
    main.o(i.Menu_ChangeDate) refers to lcd.o(i.lcdPrintString) for lcdPrintString
    main.o(i.Menu_ChangeDate) refers to main.o(i.Menu_Numpad) for Menu_Numpad
    main.o(i.Menu_ChangeDate) refers to rt_memcpy_w.o(.text) for __aeabi_memcpy4
    main.o(i.Menu_ChangeDate) refers to main.o(i.sleep) for sleep
    main.o(i.Menu_ChangeDate) refers to strtol.o(.text) for strtol
    main.o(i.Menu_ChangeDate) refers to main.o(i.checkDate) for checkDate
    main.o(i.Menu_ChangeDate) refers to lcd.o(i.lcdDrawRect) for lcdDrawRect
    main.o(i.Menu_ChangeDate) refers to arial_14pt.o(.constdata) for arial_14ptFontInfo
    main.o(i.Menu_ChangeDate) refers to lcd.o(.bss) for pos
    main.o(i.Menu_ChangeDate) refers to arial_10pt.o(.constdata) for arial_10ptFontInfo
    main.o(i.Menu_Data) refers to rt_memcpy_w.o(.text) for __aeabi_memcpy4
    main.o(i.Menu_Data) refers to lcd.o(i.lcdSetPixel) for lcdSetPixel
    main.o(i.Menu_Data) refers to main.o(.constdata) for .constdata
    main.o(i.Menu_EngineeringMode) refers to lcd.o(i.lcdClear) for lcdClear
    main.o(i.Menu_EngineeringMode) refers to main.o(i.Menu_Topbar) for Menu_Topbar
    main.o(i.Menu_EngineeringMode) refers to main.o(i.Menu_Back) for Menu_Back
    main.o(i.Menu_EngineeringMode) refers to lcd.o(i.lcdPrintString) for lcdPrintString
    main.o(i.Menu_EngineeringMode) refers to lcd.o(i.lcdDrawRect) for lcdDrawRect
    main.o(i.Menu_EngineeringMode) refers to arial_14pt.o(.constdata) for arial_14ptFontInfo
    main.o(i.Menu_EngineeringMode) refers to arial_10pt.o(.constdata) for arial_10ptFontInfo
    main.o(i.Menu_Numpad) refers to lcd.o(i.lcdDrawRect) for lcdDrawRect
    main.o(i.Menu_Numpad) refers to lcd.o(i.lcdPrintChar) for lcdPrintChar
    main.o(i.Menu_Numpad) refers to lcd.o(i.lcdPrintString) for lcdPrintString
    main.o(i.Menu_Numpad) refers to arial_14pt.o(.constdata) for arial_14ptFontInfo
    main.o(i.Menu_Numpad) refers to arial_10pt.o(.constdata) for arial_10ptFontInfo
    main.o(i.Menu_SelectDate) refers to lcd.o(i.lcdClear) for lcdClear
    main.o(i.Menu_SelectDate) refers to main.o(i.Menu_Topbar) for Menu_Topbar
    main.o(i.Menu_SelectDate) refers to main.o(i.Menu_Back) for Menu_Back
    main.o(i.Menu_SelectDate) refers to lcd.o(i.lcdPrintString) for lcdPrintString
    main.o(i.Menu_SelectDate) refers to lcd.o(i.lcdDrawRect) for lcdDrawRect
    main.o(i.Menu_SelectDate) refers to arial_14pt.o(.constdata) for arial_14ptFontInfo
    main.o(i.Menu_SelectDate) refers to arial_10pt.o(.constdata) for arial_10ptFontInfo
    main.o(i.Menu_StartScreen) refers to lcd.o(i.lcdClear) for lcdClear
    main.o(i.Menu_StartScreen) refers to main.o(i.Menu_Topbar) for Menu_Topbar
    main.o(i.Menu_StartScreen) refers to lcd.o(i.lcdPrintString) for lcdPrintString
    main.o(i.Menu_StartScreen) refers to lcd.o(i.lcdDrawRect) for lcdDrawRect
    main.o(i.Menu_StartScreen) refers to arial_14pt.o(.constdata) for arial_14ptFontInfo
    main.o(i.Menu_Topbar) refers to lcd.o(i.lcdDrawRect) for lcdDrawRect
    main.o(i.Menu_Wifi) refers to rt_memcpy_w.o(.text) for __aeabi_memcpy4
    main.o(i.Menu_Wifi) refers to lcd.o(i.lcdSetPixel) for lcdSetPixel
    main.o(i.Menu_Wifi) refers to main.o(.constdata) for .constdata
    main.o(i.init) refers to lcd.o(i.enableTouchInterrupt) for enableTouchInterrupt
    main.o(i.init) refers to lcd.o(i.lcdReset) for lcdReset
    main.o(i.main) refers to system_mk64f12.o(i.SystemCoreClockUpdate) for SystemCoreClockUpdate
    main.o(i.main) refers to main.o(i.init) for init
    main.o(i.main) refers to planetary_positioning.o(i.PosComp) for PosComp
    main.o(i.main) refers to planetary_positioning.o(i.format_I2C) for format_I2C
    main.o(i.main) refers to main.o(i.I2CSendAngles) for I2CSendAngles
    main.o(i.main) refers to main.o(i.sleep) for sleep
[...]
    libinit2.o(.ARM.Collect$$libinit$$00000018) refers to libinit2.o(.ARM.Collect$$libinit$$0000000F) for .ARM.Collect$$libinit$$0000000F
    libinit2.o(.ARM.Collect$$libinit$$00000026) refers to argv_veneer.o(.emb_text) for __ARM_argv_veneer
    libinit2.o(.ARM.Collect$$libinit$$00000027) refers to argv_veneer.o(.emb_text) for __ARM_argv_veneer
    rtexit.o(.ARM.Collect$$rtexit$$00000000) refers (Special) to rtexit2.o(.ARM.Collect$$rtexit$$00000004) for __rt_exit_exit
    rtexit.o(.ARM.Collect$$rtexit$$00000000) refers (Special) to rtexit2.o(.ARM.Collect$$rtexit$$00000003) for __rt_exit_ls
    rtexit.o(.ARM.Collect$$rtexit$$00000000) refers (Special) to rtexit2.o(.ARM.Collect$$rtexit$$00000002) for __rt_exit_prels_1
    rtexit.o(.ARM.exidx) refers (Special) to rtexit2.o(.ARM.Collect$$rtexit$$00000004) for __rt_exit_exit
    rtexit.o(.ARM.exidx) refers (Special) to rtexit2.o(.ARM.Collect$$rtexit$$00000003) for __rt_exit_ls
    rtexit.o(.ARM.exidx) refers (Special) to rtexit2.o(.ARM.Collect$$rtexit$$00000002) for __rt_exit_prels_1
    rtexit.o(.ARM.exidx) refers to rtexit.o(.ARM.Collect$$rtexit$$00000000) for .ARM.Collect$$rtexit$$00000000
    argv_veneer.o(.emb_text) refers to no_argv.o(.text) for __ARM_get_argv
    rtexit2.o(.ARM.Collect$$rtexit$$00000003) refers to libshutdown.o(.ARM.Collect$$libshutdown$$00000000) for __rt_lib_shutdown
    rtexit2.o(.ARM.Collect$$rtexit$$00000004) refers to sys_exit.o(.text) for _sys_exit
    rtexit2.o(.ARM.exidx) refers to rtexit2.o(.ARM.Collect$$rtexit$$00000001) for .ARM.Collect$$rtexit$$00000001
    rtexit2.o(.ARM.exidx) refers to rtexit2.o(.ARM.Collect$$rtexit$$00000003) for .ARM.Collect$$rtexit$$00000003
    rtexit2.o(.ARM.exidx) refers to rtexit2.o(.ARM.Collect$$rtexit$$00000004) for .ARM.Collect$$rtexit$$00000004
    _get_argv_nomalloc.o(.text) refers (Special) to hrguard.o(.text) for __heap_region$guard
    _get_argv_nomalloc.o(.text) refers to defsig_rtmem_outer.o(.text) for __rt_SIGRTMEM
    _get_argv_nomalloc.o(.text) refers to sys_command.o(.text) for _sys_command_string
    sys_command.o(.text) refers (Special) to use_no_semi.o(.text) for __I$use$semihosting
    sys_command.o(.text) refers (Special) to indicate_semi.o(.text) for __semihosting_library_function
    sys_exit.o(.text) refers (Special) to use_no_semi.o(.text) for __I$use$semihosting
    sys_exit.o(.text) refers (Special) to indicate_semi.o(.text) for __semihosting_library_function
    defsig_rtmem_outer.o(.text) refers to defsig_rtmem_inner.o(.text) for __rt_SIGRTMEM_inner
    defsig_rtmem_outer.o(.text) refers to defsig_exit.o(.text) for __sig_exit
    defsig_rtmem_formal.o(.text) refers to rt_raise.o(.text) for __rt_raise
    libshutdown.o(.ARM.Collect$$libshutdown$$00000000) refers (Special) to libshutdown2.o(.ARM.Collect$$libshutdown$$00000002) for __rt_lib_shutdown_cpp_1
    libshutdown.o(.ARM.Collect$$libshutdown$$00000000) refers (Special) to libshutdown2.o(.ARM.Collect$$libshutdown$$00000007) for __rt_lib_shutdown_fp_trap_1
    libshutdown.o(.ARM.Collect$$libshutdown$$00000000) refers (Special) to libshutdown2.o(.ARM.Collect$$libshutdown$$0000000F) for __rt_lib_shutdown_heap_1
    libshutdown.o(.ARM.Collect$$libshutdown$$00000000) refers (Special) to libshutdown2.o(.ARM.Collect$$libshutdown$$00000010) for __rt_lib_shutdown_return
    libshutdown.o(.ARM.Collect$$libshutdown$$00000000) refers (Special) to libshutdown2.o(.ARM.Collect$$libshutdown$$0000000A) for __rt_lib_shutdown_signal_1
    libshutdown.o(.ARM.Collect$$libshutdown$$00000000) refers (Special) to libshutdown2.o(.ARM.Collect$$libshutdown$$00000004) for __rt_lib_shutdown_stdio_1
    libshutdown.o(.ARM.Collect$$libshutdown$$00000000) refers (Special) to libshutdown2.o(.ARM.Collect$$libshutdown$$0000000C) for __rt_lib_shutdown_user_alloc_1
    rt_raise.o(.text) refers to __raise.o(.text) for __raise
    rt_raise.o(.text) refers to sys_exit.o(.text) for _sys_exit
    defsig_exit.o(.text) refers to sys_exit.o(.text) for _sys_exit
    defsig_rtmem_inner.o(.text) refers to defsig_general.o(.text) for __default_signal_display
    __raise.o(.text) refers to defsig.o(CL$$defsig) for __default_signal_handler
    defsig_general.o(.text) refers to sys_wrch.o(.text) for _ttywrch
    sys_wrch.o(.text) refers (Special) to use_no_semi.o(.text) for __I$use$semihosting
    sys_wrch.o(.text) refers (Special) to indicate_semi.o(.text) for __semihosting_library_function
    defsig.o(CL$$defsig) refers to defsig_rtmem_inner.o(.text) for __rt_SIGRTMEM_inner
    defsig_abrt_inner.o(.text) refers to defsig_general.o(.text) for __default_signal_display
    defsig_fpe_inner.o(.text) refers to defsig_general.o(.text) for __default_signal_display
    defsig_rtred_inner.o(.text) refers to defsig_general.o(.text) for __default_signal_display
    defsig_stak_inner.o(.text) refers to defsig_general.o(.text) for __default_signal_display
    defsig_pvfn_inner.o(.text) refers to defsig_general.o(.text) for __default_signal_display
    defsig_cppl_inner.o(.text) refers to defsig_general.o(.text) for __default_signal_display
    defsig_segv_inner.o(.text) refers to defsig_general.o(.text) for __default_signal_display
    defsig_other.o(.text) refers to defsig_general.o(.text) for __default_signal_display


==============================================================================

Removing Unused input sections from the image.

    Removing main.o(.rev16_text), (4 bytes).
    Removing main.o(.revsh_text), (4 bytes).
    Removing main.o(.rrx_text), (6 bytes).
    Removing main.o(i.Menu_Data), (60 bytes).
    Removing main.o(i.Menu_Wifi), (56 bytes).
    Removing main.o(.constdata), (412 bytes).
    Removing lcd.o(.rev16_text), (4 bytes).
    Removing lcd.o(.revsh_text), (4 bytes).
    Removing lcd.o(.rrx_text), (6 bytes).
    Removing lcd.o(i.disableTouchInterrupt), (80 bytes).
    Removing lcd.o(i.lcdRead32), (212 bytes).
    Removing lcd.o(i.lcdRead8), (100 bytes).
    Removing system_mk64f12.o(.rev16_text), (4 bytes).
    Removing system_mk64f12.o(.revsh_text), (4 bytes).
    Removing system_mk64f12.o(.rrx_text), (6 bytes).

15 unused section(s) (total 962 bytes) removed from the image.

==============================================================================

Image Symbol Table

    Local Symbols

    Symbol Name                              Value     Ov Type        Size  Object(Section)

    RESET                                    0x00000000   Section     1024  startup_mk64f12.o(RESET)
    ../clib/angel/boardlib.s                 0x00000000   Number         0  boardshut.o ABSOLUTE
    ../clib/angel/boardlib.s                 0x00000000   Number         0  boardinit3.o ABSOLUTE
    ../clib/angel/boardlib.s                 0x00000000   Number         0  boardinit1.o ABSOLUTE
    ../clib/angel/boardlib.s                 0x00000000   Number         0  boardinit2.o ABSOLUTE
    ../clib/angel/handlers.s                 0x00000000   Number         0  __scatter_zi.o ABSOLUTE
    ../clib/angel/handlers.s                 0x00000000   Number         0  __scatter_copy.o ABSOLUTE
    ../clib/angel/kernel.s                   0x00000000   Number         0  rtexit2.o ABSOLUTE
    ../clib/angel/kernel.s                   0x00000000   Number         0  __rtentry4.o ABSOLUTE
    ../clib/angel/kernel.s                   0x00000000   Number         0  __rtentry2.o ABSOLUTE
    ../clib/angel/kernel.s                   0x00000000   Number         0  rtexit.o ABSOLUTE
    ../clib/angel/kernel.s                   0x00000000   Number         0  __rtentry.o ABSOLUTE
    ../clib/angel/rt.s                       0x00000000   Number         0  rt_locale.o ABSOLUTE
    ../clib/angel/rt.s                       0x00000000   Number         0  rt_raise.o ABSOLUTE
    ../clib/angel/rt.s                       0x00000000   Number         0  rt_locale_intlibspace.o ABSOLUTE
    ../clib/angel/rt.s                       0x00000000   Number         0  rt_errno_addr_intlibspace.o ABSOLUTE
    ../clib/angel/rt.s                       0x00000000   Number         0  rt_ctype_table.o ABSOLUTE
    ../clib/angel/rt.s                       0x00000000   Number         0  rt_errno_addr.o ABSOLUTE
    ../clib/angel/scatter.s                  0x00000000   Number         0  __scatter.o ABSOLUTE
    ../clib/angel/startup.s                  0x00000000   Number         0  __main.o ABSOLUTE
    ../clib/angel/sys.s                      0x00000000   Number         0  use_no_semi.o ABSOLUTE
    ../clib/angel/sys.s                      0x00000000   Number         0  indicate_semi.o ABSOLUTE
    ../clib/angel/sys.s                      0x00000000   Number         0  libspace.o ABSOLUTE
    ../clib/angel/sys.s                      0x00000000   Number         0  sys_stackheap_outer.o ABSOLUTE
    ../clib/angel/sysapp.c                   0x00000000   Number         0  sys_wrch.o ABSOLUTE
    ../clib/angel/sysapp.c                   0x00000000   Number         0  sys_command.o ABSOLUTE
    ../clib/angel/sysapp.c                   0x00000000   Number         0  sys_exit.o ABSOLUTE
    ../clib/armsys.c                         0x00000000   Number         0  _get_argv_nomalloc.o ABSOLUTE
    ../clib/armsys.c                         0x00000000   Number         0  no_argv.o ABSOLUTE
    ../clib/armsys.c                         0x00000000   Number         0  argv_veneer.o ABSOLUTE
    ../clib/armsys.c                         0x00000000   Number         0  argv_veneer.o ABSOLUTE
    ../clib/fenv.c                           0x00000000   Number         0  _rserrno.o ABSOLUTE
    ../clib/heapalloc.c                      0x00000000   Number         0  hrguard.o ABSOLUTE
    ../clib/heapaux.c                        0x00000000   Number         0  heapauxi.o ABSOLUTE
    ../clib/libinit.s                        0x00000000   Number         0  libshutdown2.o ABSOLUTE
    ../clib/libinit.s                        0x00000000   Number         0  libshutdown.o ABSOLUTE
    ../clib/libinit.s                        0x00000000   Number         0  libinit2.o ABSOLUTE
    ../clib/libinit.s                        0x00000000   Number         0  libinit.o ABSOLUTE
    ../clib/locale.s                         0x00000000   Number         0  lc_ctype_c.o ABSOLUTE
    ../clib/memcpset.s                       0x00000000   Number         0  rt_memcpy_w.o ABSOLUTE
    ../clib/memcpset.s                       0x00000000   Number         0  strcmpv7m.o ABSOLUTE
    ../clib/scanf.c                          0x00000000   Number         0  strtol.o ABSOLUTE
    ../clib/scanf.c                          0x00000000   Number         0  _strtoul.o ABSOLUTE
    ../clib/scanf.c                          0x00000000   Number         0  _chval.o ABSOLUTE
    ../clib/signal.c                         0x00000000   Number         0  __raise.o ABSOLUTE
    ../clib/signal.c                         0x00000000   Number         0  defsig_exit.o ABSOLUTE
    ../clib/signal.c                         0x00000000   Number         0  defsig_rtmem_outer.o ABSOLUTE
    ../clib/signal.c                         0x00000000   Number         0  defsig_general.o ABSOLUTE
    ../clib/signal.c                         0x00000000   Number         0  defsig_rtmem_formal.o ABSOLUTE
    ../clib/signal.c                         0x00000000   Number         0  defsig_other.o ABSOLUTE
    ../clib/signal.c                         0x00000000   Number         0  defsig_segv_inner.o ABSOLUTE
    ../clib/signal.c                         0x00000000   Number         0  defsig_cppl_inner.o ABSOLUTE
    ../clib/signal.c                         0x00000000   Number         0  defsig_pvfn_inner.o ABSOLUTE
    ../clib/signal.c                         0x00000000   Number         0  defsig_stak_inner.o ABSOLUTE
    ../clib/signal.c                         0x00000000   Number         0  defsig_rtred_inner.o ABSOLUTE
    ../clib/signal.c                         0x00000000   Number         0  defsig_fpe_inner.o ABSOLUTE
    ../clib/signal.c                         0x00000000   Number         0  defsig_abrt_inner.o ABSOLUTE
    ../clib/signal.c                         0x00000000   Number         0  defsig_rtmem_inner.o ABSOLUTE
    ../clib/signal.s                         0x00000000   Number         0  defsig.o ABSOLUTE
    ../clib/stdlib.c                         0x00000000   Number         0  exit.o ABSOLUTE
    ../fplib/basic.s                         0x00000000   Number         0  basic.o ABSOLUTE
    ../fplib/d2f.s                           0x00000000   Number         0  d2f.o ABSOLUTE
    ../fplib/daddsub.s                       0x00000000   Number         0  daddsub_clz.o ABSOLUTE
    ../fplib/dcmpi.s                         0x00000000   Number         0  dcmpi.o ABSOLUTE
    ../fplib/ddiv.s                          0x00000000   Number         0  ddiv.o ABSOLUTE
    ../fplib/dfix.s                          0x00000000   Number         0  dfix.o ABSOLUTE
    ../fplib/dflt.s                          0x00000000   Number         0  dflt_clz.o ABSOLUTE
    ../fplib/dleqf.s                         0x00000000   Number         0  dleqf.o ABSOLUTE
    ../fplib/dmul.s                          0x00000000   Number         0  dmul.o ABSOLUTE
    ../fplib/dnaninf.s                       0x00000000   Number         0  dnaninf.o ABSOLUTE
    ../fplib/dretinf.s                       0x00000000   Number         0  dretinf.o ABSOLUTE
    ../fplib/drleqf.s                        0x00000000   Number         0  drleqf.o ABSOLUTE
    ../fplib/dsqrt.s                         0x00000000   Number         0  dsqrt_umaal.o ABSOLUTE
    ../fplib/fpinit.s                        0x00000000   Number         0  fpinit.o ABSOLUTE
    ../fplib/fretinf.s                       0x00000000   Number         0  fretinf.o ABSOLUTE
    ../fplib/usenofp.s                       0x00000000   Number         0  usenofp.o ABSOLUTE
    ../mathlib/asin.c                        0x00000000   Number         0  asin.o ABSOLUTE
    ../mathlib/asin.c                        0x00000000   Number         0  asin_x.o ABSOLUTE
    ../mathlib/atan.c                        0x00000000   Number         0  atan.o ABSOLUTE
    ../mathlib/atan.c                        0x00000000   Number         0  atan_x.o ABSOLUTE
    ../mathlib/atan2.c                       0x00000000   Number         0  atan2.o ABSOLUTE
    ../mathlib/atan2.c                       0x00000000   Number         0  atan2_x.o ABSOLUTE
    ../mathlib/cos.c                         0x00000000   Number         0  cos_x.o ABSOLUTE
    ../mathlib/cos.c                         0x00000000   Number         0  cos.o ABSOLUTE
    ../mathlib/cos_i.c                       0x00000000   Number         0  cos_i.o ABSOLUTE
    ../mathlib/dunder.c                      0x00000000   Number         0  dunder.o ABSOLUTE
    ../mathlib/fabs.c                        0x00000000   Number         0  fabs.o ABSOLUTE
    ../mathlib/floor.c                       0x00000000   Number         0  floor.o ABSOLUTE
    ../mathlib/fpclassify.c                  0x00000000   Number         0  fpclassify.o ABSOLUTE
    ../mathlib/poly.c                        0x00000000   Number         0  poly.o ABSOLUTE
    ../mathlib/qnan.c                        0x00000000   Number         0  qnan.o ABSOLUTE
    ../mathlib/rred.c                        0x00000000   Number         0  rred.o ABSOLUTE
    ../mathlib/sin.c                         0x00000000   Number         0  sin_x.o ABSOLUTE
    ../mathlib/sin.c                         0x00000000   Number         0  sin.o ABSOLUTE
    ../mathlib/sin_i.c                       0x00000000   Number         0  sin_i.o ABSOLUTE
    ../mathlib/sin_i.c                       0x00000000   Number         0  sin_i_x.o ABSOLUTE
    ../mathlib/sqrt.c                        0x00000000   Number         0  sqrt.o ABSOLUTE
    ../mathlib/sqrt.c                        0x00000000   Number         0  sqrt_x.o ABSOLUTE
    Arial_10pt.c                             0x00000000   Number         0  arial_10pt.o ABSOLUTE
    Arial_14pt.c                             0x00000000   Number         0  arial_14pt.o ABSOLUTE
    Main.c                                   0x00000000   Number         0  main.o ABSOLUTE
    Main.c                                   0x00000000   Number         0  main.o ABSOLUTE
    Planetary_Positioning.c                  0x00000000   Number         0  planetary_positioning.o ABSOLUTE
    RTE\Device\MK64FN1M0xxx12\startup_MK64F12.s 0x00000000   Number         0  startup_mk64f12.o ABSOLUTE
    RTE\Device\MK64FN1M0xxx12\system_MK64F12.c 0x00000000   Number         0  system_mk64f12.o ABSOLUTE
    RTE\\Device\\MK64FN1M0xxx12\\system_MK64F12.c 0x00000000   Number         0  system_mk64f12.o ABSOLUTE
    dc.s                                     0x00000000   Number         0  dc.o ABSOLUTE
    lcd.c                                    0x00000000   Number         0  lcd.o ABSOLUTE
    lcd.c                                    0x00000000   Number         0  lcd.o ABSOLUTE
    .ARM.__at_0x400                          0x00000400   Section       16  startup_mk64f12.o(.ARM.__at_0x400)
    !!!main                                  0x00000410   Section        8  __main.o(!!!main)
    !!!scatter                               0x00000418   Section       52  __scatter.o(!!!scatter)
    !!handler_copy                           0x0000044c   Section       26  __scatter_copy.o(!!handler_copy)
    !!handler_zi                             0x00000468   Section       28  __scatter_zi.o(!!handler_zi)
    .ARM.Collect$$libinit$$00000000          0x00000484   Section        2  libinit.o(.ARM.Collect$$libinit$$00000000)
    .ARM.Collect$$libinit$$00000001          0x00000486   Section        4  libinit2.o(.ARM.Collect$$libinit$$00000001)
    .ARM.Collect$$libinit$$00000004          0x0000048a   Section        0  libinit2.o(.ARM.Collect$$libinit$$00000004)
    .ARM.Collect$$libinit$$0000000A          0x0000048a   Section        0  libinit2.o(.ARM.Collect$$libinit$$0000000A)
    .ARM.Collect$$libinit$$0000000C          0x0000048a   Section        0  libinit2.o(.ARM.Collect$$libinit$$0000000C)
    .ARM.Collect$$libinit$$0000000E          0x0000048a   Section        0  libinit2.o(.ARM.Collect$$libinit$$0000000E)
    .ARM.Collect$$libinit$$0000000F          0x0000048a   Section        6  libinit2.o(.ARM.Collect$$libinit$$0000000F)
    .ARM.Collect$$libinit$$00000011          0x00000490   Section        0  libinit2.o(.ARM.Collect$$libinit$$00000011)
    .ARM.Collect$$libinit$$00000012          0x00000490   Section       12  libinit2.o(.ARM.Collect$$libinit$$00000012)
    .ARM.Collect$$libinit$$00000013          0x0000049c   Section        0  libinit2.o(.ARM.Collect$$libinit$$00000013)
    .ARM.Collect$$libinit$$00000015          0x0000049c   Section        0  libinit2.o(.ARM.Collect$$libinit$$00000015)
    .ARM.Collect$$libinit$$00000017          0x0000049c   Section        0  libinit2.o(.ARM.Collect$$libinit$$00000017)
    .ARM.Collect$$libinit$$00000019          0x0000049c   Section        0  libinit2.o(.ARM.Collect$$libinit$$00000019)
    .ARM.Collect$$libinit$$0000001B          0x0000049c   Section        0  libinit2.o(.ARM.Collect$$libinit$$0000001B)
    .ARM.Collect$$libinit$$0000001D          0x0000049c   Section        0  libinit2.o(.ARM.Collect$$libinit$$0000001D)
    .ARM.Collect$$libinit$$0000001F          0x0000049c   Section        0  libinit2.o(.ARM.Collect$$libinit$$0000001F)
    .ARM.Collect$$libinit$$00000021          0x0000049c   Section        0  libinit2.o(.ARM.Collect$$libinit$$00000021)
    .ARM.Collect$$libinit$$00000023          0x0000049c   Section        0  libinit2.o(.ARM.Collect$$libinit$$00000023)
    .ARM.Collect$$libinit$$00000025          0x0000049c   Section        0  libinit2.o(.ARM.Collect$$libinit$$00000025)
    .ARM.Collect$$libinit$$0000002C          0x0000049c   Section        0  libinit2.o(.ARM.Collect$$libinit$$0000002C)
    .ARM.Collect$$libinit$$0000002E          0x0000049c   Section        0  libinit2.o(.ARM.Collect$$libinit$$0000002E)
    .ARM.Collect$$libinit$$00000030          0x0000049c   Section        0  libinit2.o(.ARM.Collect$$libinit$$00000030)
    .ARM.Collect$$libinit$$00000032          0x0000049c   Section        0  libinit2.o(.ARM.Collect$$libinit$$00000032)
    .ARM.Collect$$libinit$$00000033          0x0000049c   Section        2  libinit2.o(.ARM.Collect$$libinit$$00000033)
    .ARM.Collect$$libshutdown$$00000000      0x0000049e   Section        2  libshutdown.o(.ARM.Collect$$libshutdown$$00000000)
    .ARM.Collect$$libshutdown$$00000002      0x000004a0   Section        0  libshutdown2.o(.ARM.Collect$$libshutdown$$00000002)
    .ARM.Collect$$libshutdown$$00000004      0x000004a0   Section        0  libshutdown2.o(.ARM.Collect$$libshutdown$$00000004)
    .ARM.Collect$$libshutdown$$00000007      0x000004a0   Section        0  libshutdown2.o(.ARM.Collect$$libshutdown$$00000007)
    .ARM.Collect$$libshutdown$$0000000A      0x000004a0   Section        0  libshutdown2.o(.ARM.Collect$$libshutdown$$0000000A)
    .ARM.Collect$$libshutdown$$0000000C      0x000004a0   Section        0  libshutdown2.o(.ARM.Collect$$libshutdown$$0000000C)
    .ARM.Collect$$libshutdown$$0000000F      0x000004a0   Section        0  libshutdown2.o(.ARM.Collect$$libshutdown$$0000000F)
    .ARM.Collect$$libshutdown$$00000010      0x000004a0   Section        2  libshutdown2.o(.ARM.Collect$$libshutdown$$00000010)
    .ARM.Collect$$rtentry$$00000000          0x000004a2   Section        0  __rtentry.o(.ARM.Collect$$rtentry$$00000000)
    .ARM.Collect$$rtentry$$00000002          0x000004a2   Section        0  __rtentry2.o(.ARM.Collect$$rtentry$$00000002)
    .ARM.Collect$$rtentry$$00000004          0x000004a2   Section        6  __rtentry4.o(.ARM.Collect$$rtentry$$00000004)
    .ARM.Collect$$rtentry$$00000009          0x000004a8   Section        0  __rtentry2.o(.ARM.Collect$$rtentry$$00000009)
    .ARM.Collect$$rtentry$$0000000A          0x000004a8   Section        4  __rtentry2.o(.ARM.Collect$$rtentry$$0000000A)
    .ARM.Collect$$rtentry$$0000000C          0x000004ac   Section        0  __rtentry2.o(.ARM.Collect$$rtentry$$0000000C)
    .ARM.Collect$$rtentry$$0000000D          0x000004ac   Section        8  __rtentry2.o(.ARM.Collect$$rtentry$$0000000D)
    .ARM.Collect$$rtexit$$00000000           0x000004b4   Section        2  rtexit.o(.ARM.Collect$$rtexit$$00000000)
    .ARM.Collect$$rtexit$$00000002           0x000004b6   Section        0  rtexit2.o(.ARM.Collect$$rtexit$$00000002)
    .ARM.Collect$$rtexit$$00000003           0x000004b6   Section        4  rtexit2.o(.ARM.Collect$$rtexit$$00000003)
    .ARM.Collect$$rtexit$$00000004           0x000004ba   Section        6  rtexit2.o(.ARM.Collect$$rtexit$$00000004)
    .text                                    0x000004c0   Section       76  startup_mk64f12.o(.text)
    $v0                                      0x000004c0   Number         0  startup_mk64f12.o(.text)
    .text                                    0x0000050c   Section        0  strtol.o(.text)
    .text                                    0x0000057c   Section      100  rt_memcpy_w.o(.text)
    .text                                    0x000005e0   Section        0  heapauxi.o(.text)
    .text                                    0x000005e8   Section       16  rt_ctype_table.o(.text)
    .text                                    0x000005f8   Section        8  rt_errno_addr_intlibspace.o(.text)
    .text                                    0x00000600   Section        0  _rserrno.o(.text)
    .text                                    0x00000616   Section        0  _strtoul.o(.text)
    .text                                    0x000006b4   Section        8  libspace.o(.text)
    .text                                    0x000006bc   Section        8  rt_locale_intlibspace.o(.text)
    .text                                    0x000006c4   Section        0  _chval.o(.text)
    .text                                    0x000006e0   Section       74  sys_stackheap_outer.o(.text)
    .text                                    0x0000072a   Section        0  exit.o(.text)
    .text                                    0x0000073c   Section      128  strcmpv7m.o(.text)
    .text                                    0x000007bc   Section        0  sys_exit.o(.text)
    .text                                    0x000007c8   Section        2  use_no_semi.o(.text)
    .text                                    0x000007ca   Section        0  indicate_semi.o(.text)
    i.I2CSendAngles                          0x000007cc   Section        0  main.o(i.I2CSendAngles)
    i.Menu_Back                              0x000008a8   Section        0  main.o(i.Menu_Back)
    i.Menu_ChangeAngle                       0x000008e0   Section        0  main.o(i.Menu_ChangeAngle)
    i.Menu_ChangeDate                        0x00000930   Section        0  main.o(i.Menu_ChangeDate)
    i.Menu_EngineeringMode                   0x00000c2c   Section        0  main.o(i.Menu_EngineeringMode)
    i.Menu_Numpad                            0x00000da8   Section        0  main.o(i.Menu_Numpad)
    i.Menu_SelectDate                        0x00000f94   Section        0  main.o(i.Menu_SelectDate)
    i.Menu_Settings                          0x000010f4   Section        0  main.o(i.Menu_Settings)
    i.Menu_StartScreen                       0x000010f8   Section        0  main.o(i.Menu_StartScreen)
    i.Menu_Topbar                            0x00001200   Section        0  main.o(i.Menu_Topbar)
    i.Menu_WifiSettings                      0x00001218   Section        0  main.o(i.Menu_WifiSettings)
    i.PORTC_IRQHandler                       0x0000121c   Section        0  lcd.o(i.PORTC_IRQHandler)
    i.PosComp                                0x0000126c   Section        0  planetary_positioning.o(i.PosComp)
    i.SystemCoreClockUpdate                  0x000012f4   Section        0  system_mk64f12.o(i.SystemCoreClockUpdate)
    i.SystemInit                             0x000014b8   Section        0  system_mk64f12.o(i.SystemInit)
    i.__ARM_fpclassify                       0x00001634   Section        0  fpclassify.o(i.__ARM_fpclassify)
    i.__hardfp_asin                          0x00001668   Section        0  asin.o(i.__hardfp_asin)
    i.__hardfp_atan                          0x000019c8   Section        0  atan.o(i.__hardfp_atan)
    i.__hardfp_atan2                         0x00001ca0   Section        0  atan2.o(i.__hardfp_atan2)
    i.__hardfp_cos                           0x00001e90   Section        0  cos.o(i.__hardfp_cos)
    i.__hardfp_fabs                          0x00001f58   Section        0  fabs.o(i.__hardfp_fabs)
    i.__hardfp_floor                         0x00001f70   Section        0  floor.o(i.__hardfp_floor)
    i.__hardfp_sin                           0x00002088   Section        0  sin.o(i.__hardfp_sin)
    i.__hardfp_sqrt                          0x00002150   Section        0  sqrt.o(i.__hardfp_sqrt)
    i.__ieee754_rem_pio2                     0x000021d0   Section        0  rred.o(i.__ieee754_rem_pio2)
    i.__kernel_cos                           0x00002608   Section        0  cos_i.o(i.__kernel_cos)
    i.__kernel_poly                          0x00002778   Section        0  poly.o(i.__kernel_poly)
    i.__kernel_sin                           0x00002870   Section        0  sin_i.o(i.__kernel_sin)
    i.__mathlib_dbl_infnan                   0x000029a0   Section        0  dunder.o(i.__mathlib_dbl_infnan)
    i.__mathlib_dbl_infnan2                  0x000029b4   Section        0  dunder.o(i.__mathlib_dbl_infnan2)
    i.__mathlib_dbl_invalid                  0x000029c8   Section        0  dunder.o(i.__mathlib_dbl_invalid)
    i.__mathlib_dbl_underflow                0x000029e8   Section        0  dunder.o(i.__mathlib_dbl_underflow)
    i.applyCalib                             0x00002a08   Section        0  lcd.o(i.applyCalib)
    i.atan                                   0x00002a70   Section        0  atan.o(i.atan)
    i.calibration                            0x00002a80   Section        0  lcd.o(i.calibration)
    i.checkDate                              0x00002b8c   Section        0  main.o(i.checkDate)
    i.compute_orbital_elements               0x00002c44   Section        0  planetary_positioning.o(i.compute_orbital_elements)
    i.enableTouchInterrupt                   0x00003844   Section        0  lcd.o(i.enableTouchInterrupt)
    i.fabs                                   0x000038b0   Section        0  fabs.o(i.fabs)
    i.format_I2C                             0x000038c8   Section        0  planetary_positioning.o(i.format_I2C)
    i.init                                   0x000039c8   Section        0  main.o(i.init)
    i.lcdClear                               0x00003b24   Section        0  lcd.o(i.lcdClear)
    i.lcdDrawCircle                          0x00003b50   Section        0  lcd.o(i.lcdDrawCircle)
    i.lcdDrawLine                            0x00003c2e   Section        0  lcd.o(i.lcdDrawLine)
    i.lcdDrawRect                            0x00003d24   Section        0  lcd.o(i.lcdDrawRect)
    i.lcdPrintChar                           0x00003dc6   Section        0  lcd.o(i.lcdPrintChar)
    i.lcdPrintString                         0x00003e5a   Section        0  lcd.o(i.lcdPrintString)
    i.lcdReset                               0x00003ea8   Section        0  lcd.o(i.lcdReset)
    i.lcdSetMem                              0x00004160   Section        0  lcd.o(i.lcdSetMem)
    i.lcdSetOrientation                      0x000041b8   Section        0  lcd.o(i.lcdSetOrientation)
    i.lcdSetPixel                            0x00004238   Section        0  lcd.o(i.lcdSetPixel)
    i.lcdcmd                                 0x00004260   Section        0  lcd.o(i.lcdcmd)
    i.lcddat                                 0x00004298   Section        0  lcd.o(i.lcddat)
    i.main                                   0x000042d0   Section        0  main.o(i.main)
    i.perturbations                          0x00004338   Section        0  planetary_positioning.o(i.perturbations)
    i.planetsPos                             0x000050dc   Section        0  planetary_positioning.o(i.planetsPos)
    i.plotLineHigh                           0x00005978   Section        0  lcd.o(i.plotLineHigh)
    i.plotLineLow                            0x000059d8   Section        0  lcd.o(i.plotLineLow)
    i.readX                                  0x00005a38   Section        0  lcd.o(i.readX)
    i.readY                                  0x00005adc   Section        0  lcd.o(i.readY)
    i.ref_date                               0x00005b7c   Section        0  planetary_positioning.o(i.ref_date)
    i.resetCalibrationMatrix                 0x00005c14   Section        0  lcd.o(i.resetCalibrationMatrix)
    i.rev                                    0x00005d74   Section        0  planetary_positioning.o(i.rev)
    i.setCalibrationMatrix                   0x00005dd8   Section        0  lcd.o(i.setCalibrationMatrix)
    i.sleep                                  0x00005f84   Section        0  main.o(i.sleep)
    i.sqrt                                   0x00005f86   Section        0  sqrt.o(i.sqrt)
    i.stateChange                            0x00005ff4   Section        0  main.o(i.stateChange)
    i.sunPos                                 0x00006174   Section        0  planetary_positioning.o(i.sunPos)
    i.wait_clock                             0x0000646c   Section        0  main.o(i.wait_clock)
    i.wait_ms                                0x0000649c   Section        0  main.o(i.wait_ms)
    i.wait_us                                0x000064d8   Section        0  main.o(i.wait_us)
    locale$$code                             0x000064ec   Section       44  lc_ctype_c.o(locale$$code)
    x$fpl$basic                              0x00006518   Section       24  basic.o(x$fpl$basic)
    $v0                                      0x00006518   Number         0  basic.o(x$fpl$basic)
    x$fpl$d2f                                0x00006530   Section       98  d2f.o(x$fpl$d2f)
    $v0                                      0x00006530   Number         0  d2f.o(x$fpl$d2f)
    x$fpl$dadd                               0x00006594   Section      336  daddsub_clz.o(x$fpl$dadd)
    $v0                                      0x00006594   Number         0  daddsub_clz.o(x$fpl$dadd)
    _dadd1                                   0x000065a5   Thumb Code     0  daddsub_clz.o(x$fpl$dadd)
    x$fpl$dcmpinf                            0x000066e4   Section       24  dcmpi.o(x$fpl$dcmpinf)
    $v0                                      0x000066e4   Number         0  dcmpi.o(x$fpl$dcmpinf)
    x$fpl$ddiv                               0x000066fc   Section      688  ddiv.o(x$fpl$ddiv)
    $v0                                      0x000066fc   Number         0  ddiv.o(x$fpl$ddiv)
    ddiv_entry                               0x00006703   Thumb Code     0  ddiv.o(x$fpl$ddiv)
    x$fpl$dfix                               0x000069ac   Section       94  dfix.o(x$fpl$dfix)
    $v0                                      0x000069ac   Number         0  dfix.o(x$fpl$dfix)
    x$fpl$dflt                               0x00006a0a   Section       46  dflt_clz.o(x$fpl$dflt)
    $v0                                      0x00006a0a   Number         0  dflt_clz.o(x$fpl$dflt)
    x$fpl$dfltu                              0x00006a38   Section       38  dflt_clz.o(x$fpl$dfltu)
    $v0                                      0x00006a38   Number         0  dflt_clz.o(x$fpl$dfltu)
    x$fpl$dleqf                              0x00006a60   Section      120  dleqf.o(x$fpl$dleqf)
    $v0                                      0x00006a60   Number         0  dleqf.o(x$fpl$dleqf)
    x$fpl$dmul                               0x00006ad8   Section      340  dmul.o(x$fpl$dmul)
    $v0                                      0x00006ad8   Number         0  dmul.o(x$fpl$dmul)
    x$fpl$dnaninf                            0x00006c2c   Section      156  dnaninf.o(x$fpl$dnaninf)
    $v0                                      0x00006c2c   Number         0  dnaninf.o(x$fpl$dnaninf)
    x$fpl$dretinf                            0x00006cc8   Section       12  dretinf.o(x$fpl$dretinf)
    $v0                                      0x00006cc8   Number         0  dretinf.o(x$fpl$dretinf)
    x$fpl$drleqf                             0x00006cd4   Section      108  drleqf.o(x$fpl$drleqf)
    $v0                                      0x00006cd4   Number         0  drleqf.o(x$fpl$drleqf)
    x$fpl$drsb                               0x00006d40   Section       22  daddsub_clz.o(x$fpl$drsb)
    $v0                                      0x00006d40   Number         0  daddsub_clz.o(x$fpl$drsb)
    x$fpl$dsqrt                              0x00006d58   Section      408  dsqrt_umaal.o(x$fpl$dsqrt)
    $v0                                      0x00006d58   Number         0  dsqrt_umaal.o(x$fpl$dsqrt)
    x$fpl$dsub                               0x00006ef0   Section      468  daddsub_clz.o(x$fpl$dsub)
    $v0                                      0x00006ef0   Number         0  daddsub_clz.o(x$fpl$dsub)
    _dsub1                                   0x00006f01   Thumb Code     0  daddsub_clz.o(x$fpl$dsub)
    x$fpl$fpinit                             0x000070c4   Section       10  fpinit.o(x$fpl$fpinit)
    $v0                                      0x000070c4   Number         0  fpinit.o(x$fpl$fpinit)
    x$fpl$fretinf                            0x000070ce   Section       10  fretinf.o(x$fpl$fretinf)
    $v0                                      0x000070ce   Number         0  fretinf.o(x$fpl$fretinf)
    .constdata                               0x000070d8   Section     1716  arial_10pt.o(.constdata)
    x$fpl$usenofp                            0x000070d8   Section        0  usenofp.o(x$fpl$usenofp)
    .constdata                               0x0000778c   Section     3316  arial_14pt.o(.constdata)
    .constdata                               0x00008480   Section       80  asin.o(.constdata)
    pS                                       0x00008480   Data          48  asin.o(.constdata)
    qS                                       0x000084b0   Data          32  asin.o(.constdata)
    .constdata                               0x000084d0   Section      152  atan.o(.constdata)
    atanhi                                   0x000084d0   Data          32  atan.o(.constdata)
    atanlo                                   0x000084f0   Data          32  atan.o(.constdata)
    aTodd                                    0x00008510   Data          40  atan.o(.constdata)
    aTeven                                   0x00008538   Data          48  atan.o(.constdata)
    .constdata                               0x00008568   Section       48  cos_i.o(.constdata)
    C                                        0x00008568   Data          48  cos_i.o(.constdata)
    .constdata                               0x00008598   Section        8  qnan.o(.constdata)
    .constdata                               0x000085a0   Section      200  rred.o(.constdata)
    pio2s                                    0x000085a0   Data          48  rred.o(.constdata)
    twooverpi                                0x000085d0   Data         152  rred.o(.constdata)
    .constdata                               0x00008668   Section       40  sin_i.o(.constdata)
    S                                        0x00008668   Data          40  sin_i.o(.constdata)
    locale$$data                             0x000086b0   Section      272  lc_ctype_c.o(locale$$data)
    __lcctype_c_name                         0x000086b4   Data           2  lc_ctype_c.o(locale$$data)
    __lcctype_c_start                        0x000086bc   Data           0  lc_ctype_c.o(locale$$data)
    __lcctype_c_end                          0x000087c0   Data           0  lc_ctype_c.o(locale$$data)
    .data                                    0x20000000   Section       28  main.o(.data)
    .data                                    0x2000001c   Section       44  lcd.o(.data)
    .data                                    0x20000048   Section        8  planetary_positioning.o(.data)
    .data                                    0x20000050   Section        4  system_mk64f12.o(.data)
    .bss                                     0x20000054   Section      112  lcd.o(.bss)
    .bss                                     0x200000c8   Section      648  planetary_positioning.o(.bss)
    .bss                                     0x20000350   Section       96  libspace.o(.bss)
    HEAP                                     0x200003b0   Section     1024  startup_mk64f12.o(HEAP)
    Heap_Mem                                 0x200003b0   Data        1024  startup_mk64f12.o(HEAP)
    STACK                                    0x200007b0   Section    524288  startup_mk64f12.o(STACK)
    Stack_Mem                                0x200007b0   Data       524288  startup_mk64f12.o(STACK)
    __initial_sp                             0x200807b0   Data           0  startup_mk64f12.o(STACK)

    Global Symbols

    Symbol Name                              Value     Ov Type        Size  Object(Section)

    BuildAttributes$$THM_ISAv4$E$P$D$K$B$S$7EM$VFPi3$EXTD16$VFPS$VFMA$PE$A:L22UL41UL21$X:L11$S22US41US21$IEEE1$IW$USESV6$~STKCKD$USESV7$~SHL$OTIME$ROPI$IEEEX$EBA8$UX$STANDARDLIB$REQ8$PRES8$EABIv2 0x00000000   Number         0  anon$$obj.o ABSOLUTE
    __ARM_use_no_argv                        0x00000000   Number         0  main.o ABSOLUTE
    __Vectors                                0x00000000   Data           4  startup_mk64f12.o(RESET)
    __ARM_exceptions_init                     - Undefined Weak Reference
    __alloca_initialize                       - Undefined Weak Reference
    __arm_preinit_                            - Undefined Weak Reference
    __cpp_initialize__aeabi_                  - Undefined Weak Reference
    __cxa_finalize                            - Undefined Weak Reference
    __sigvec_lookup                           - Undefined Weak Reference
    _atexit_init                              - Undefined Weak Reference
    _call_atexit_fns                          - Undefined Weak Reference
    _clock_init                               - Undefined Weak Reference
    _fp_trap_init                             - Undefined Weak Reference
    _fp_trap_shutdown                         - Undefined Weak Reference
    _get_lc_collate                           - Undefined Weak Reference
    _get_lc_monetary                          - Undefined Weak Reference
    _get_lc_numeric                           - Undefined Weak Reference
    _get_lc_time                              - Undefined Weak Reference
    _getenv_init                              - Undefined Weak Reference
    _handle_redirection                       - Undefined Weak Reference
    _init_alloc                               - Undefined Weak Reference
    _init_user_alloc                          - Undefined Weak Reference
    _initio                                   - Undefined Weak Reference
    _rand_init                                - Undefined Weak Reference
    _signal_finish                            - Undefined Weak Reference
    _signal_init                              - Undefined Weak Reference
    _terminate_alloc                          - Undefined Weak Reference
    _terminate_user_alloc                     - Undefined Weak Reference
    _terminateio                              - Undefined Weak Reference
    __Vectors_End                            0x00000400   Data           0  startup_mk64f12.o(RESET)
    __Vectors_Size                           0x00000400   Number         0  startup_mk64f12.o ABSOLUTE
    __main                                   0x00000411   Thumb Code     8  __main.o(!!!main)
    __scatterload                            0x00000419   Thumb Code     0  __scatter.o(!!!scatter)
    __scatterload_rt2                        0x00000419   Thumb Code    44  __scatter.o(!!!scatter)
    __scatterload_rt2_thumb_only             0x00000419   Thumb Code     0  __scatter.o(!!!scatter)
    __scatterload_null                       0x00000427   Thumb Code     0  __scatter.o(!!!scatter)
    __scatterload_copy                       0x0000044d   Thumb Code    26  __scatter_copy.o(!!handler_copy)
    __scatterload_zeroinit                   0x00000469   Thumb Code    28  __scatter_zi.o(!!handler_zi)
    __rt_lib_init                            0x00000485   Thumb Code     0  libinit.o(.ARM.Collect$$libinit$$00000000)
    __rt_lib_init_fp_1                       0x00000487   Thumb Code     0  libinit2.o(.ARM.Collect$$libinit$$00000001)
    __rt_lib_init_heap_1                     0x0000048b   Thumb Code     0  libinit2.o(.ARM.Collect$$libinit$$0000000A)
    __rt_lib_init_lc_common                  0x0000048b   Thumb Code     0  libinit2.o(.ARM.Collect$$libinit$$0000000F)
    __rt_lib_init_preinit_1                  0x0000048b   Thumb Code     0  libinit2.o(.ARM.Collect$$libinit$$00000004)
    __rt_lib_init_rand_1                     0x0000048b   Thumb Code     0  libinit2.o(.ARM.Collect$$libinit$$0000000E)
    __rt_lib_init_user_alloc_1               0x0000048b   Thumb Code     0  libinit2.o(.ARM.Collect$$libinit$$0000000C)
    __rt_lib_init_lc_collate_1               0x00000491   Thumb Code     0  libinit2.o(.ARM.Collect$$libinit$$00000011)
    __rt_lib_init_lc_ctype_2                 0x00000491   Thumb Code     0  libinit2.o(.ARM.Collect$$libinit$$00000012)
    __rt_lib_init_alloca_1                   0x0000049d   Thumb Code     0  libinit2.o(.ARM.Collect$$libinit$$0000002E)
    __rt_lib_init_argv_1                     0x0000049d   Thumb Code     0  libinit2.o(.ARM.Collect$$libinit$$0000002C)
    __rt_lib_init_atexit_1                   0x0000049d   Thumb Code     0  libinit2.o(.ARM.Collect$$libinit$$0000001B)
    __rt_lib_init_clock_1                    0x0000049d   Thumb Code     0  libinit2.o(.ARM.Collect$$libinit$$00000021)
    __rt_lib_init_cpp_1                      0x0000049d   Thumb Code     0  libinit2.o(.ARM.Collect$$libinit$$00000032)
    __rt_lib_init_exceptions_1               0x0000049d   Thumb Code     0  libinit2.o(.ARM.Collect$$libinit$$00000030)
    __rt_lib_init_fp_trap_1                  0x0000049d   Thumb Code     0  libinit2.o(.ARM.Collect$$libinit$$0000001F)
    __rt_lib_init_getenv_1                   0x0000049d   Thumb Code     0  libinit2.o(.ARM.Collect$$libinit$$00000023)
    __rt_lib_init_lc_ctype_1                 0x0000049d   Thumb Code     0  libinit2.o(.ARM.Collect$$libinit$$00000013)
    __rt_lib_init_lc_monetary_1              0x0000049d   Thumb Code     0  libinit2.o(.ARM.Collect$$libinit$$00000015)
    __rt_lib_init_lc_numeric_1               0x0000049d   Thumb Code     0  libinit2.o(.ARM.Collect$$libinit$$00000017)
    __rt_lib_init_lc_time_1                  0x0000049d   Thumb Code     0  libinit2.o(.ARM.Collect$$libinit$$00000019)
    __rt_lib_init_return                     0x0000049d   Thumb Code     0  libinit2.o(.ARM.Collect$$libinit$$00000033)
    __rt_lib_init_signal_1                   0x0000049d   Thumb Code     0  libinit2.o(.ARM.Collect$$libinit$$0000001D)
    __rt_lib_init_stdio_1                    0x0000049d   Thumb Code     0  libinit2.o(.ARM.Collect$$libinit$$00000025)
    __rt_lib_shutdown                        0x0000049f   Thumb Code     0  libshutdown.o(.ARM.Collect$$libshutdown$$00000000)
    __rt_lib_shutdown_cpp_1                  0x000004a1   Thumb Code     0  libshutdown2.o(.ARM.Collect$$libshutdown$$00000002)
    __rt_lib_shutdown_fp_trap_1              0x000004a1   Thumb Code     0  libshutdown2.o(.ARM.Collect$$libshutdown$$00000007)
    __rt_lib_shutdown_heap_1                 0x000004a1   Thumb Code     0  libshutdown2.o(.ARM.Collect$$libshutdown$$0000000F)
    __rt_lib_shutdown_return                 0x000004a1   Thumb Code     0  libshutdown2.o(.ARM.Collect$$libshutdown$$00000010)
    __rt_lib_shutdown_signal_1               0x000004a1   Thumb Code     0  libshutdown2.o(.ARM.Collect$$libshutdown$$0000000A)
    __rt_lib_shutdown_stdio_1                0x000004a1   Thumb Code     0  libshutdown2.o(.ARM.Collect$$libshutdown$$00000004)
    __rt_lib_shutdown_user_alloc_1           0x000004a1   Thumb Code     0  libshutdown2.o(.ARM.Collect$$libshutdown$$0000000C)
    __rt_entry                               0x000004a3   Thumb Code     0  __rtentry.o(.ARM.Collect$$rtentry$$00000000)
    __rt_entry_presh_1                       0x000004a3   Thumb Code     0  __rtentry2.o(.ARM.Collect$$rtentry$$00000002)
    __rt_entry_sh                            0x000004a3   Thumb Code     0  __rtentry4.o(.ARM.Collect$$rtentry$$00000004)
    __rt_entry_li                            0x000004a9   Thumb Code     0  __rtentry2.o(.ARM.Collect$$rtentry$$0000000A)
    __rt_entry_postsh_1                      0x000004a9   Thumb Code     0  __rtentry2.o(.ARM.Collect$$rtentry$$00000009)
    __rt_entry_main                          0x000004ad   Thumb Code     0  __rtentry2.o(.ARM.Collect$$rtentry$$0000000D)
    __rt_entry_postli_1                      0x000004ad   Thumb Code     0  __rtentry2.o(.ARM.Collect$$rtentry$$0000000C)
    __rt_exit                                0x000004b5   Thumb Code     0  rtexit.o(.ARM.Collect$$rtexit$$00000000)
    __rt_exit_ls                             0x000004b7   Thumb Code     0  rtexit2.o(.ARM.Collect$$rtexit$$00000003)
    __rt_exit_prels_1                        0x000004b7   Thumb Code     0  rtexit2.o(.ARM.Collect$$rtexit$$00000002)
    __rt_exit_exit                           0x000004bb   Thumb Code     0  rtexit2.o(.ARM.Collect$$rtexit$$00000004)
    init_data_bss                            0x000004c1   Thumb Code     2  startup_mk64f12.o(.text)
    Reset_Handler                            0x000004c3   Thumb Code    12  startup_mk64f12.o(.text)
    NMI_Handler                              0x000004cf   Thumb Code     2  startup_mk64f12.o(.text)
    HardFault_Handler                        0x000004d1   Thumb Code     2  startup_mk64f12.o(.text)
    MemManage_Handler                        0x000004d3   Thumb Code     2  startup_mk64f12.o(.text)
    BusFault_Handler                         0x000004d5   Thumb Code     2  startup_mk64f12.o(.text)
    UsageFault_Handler                       0x000004d7   Thumb Code     2  startup_mk64f12.o(.text)
    SVC_Handler                              0x000004d9   Thumb Code     2  startup_mk64f12.o(.text)
    DebugMon_Handler                         0x000004db   Thumb Code     2  startup_mk64f12.o(.text)
    PendSV_Handler                           0x000004dd   Thumb Code     2  startup_mk64f12.o(.text)
    SysTick_Handler                          0x000004df   Thumb Code     2  startup_mk64f12.o(.text)
    ADC0_IRQHandler                          0x000004e1   Thumb Code     0  startup_mk64f12.o(.text)
    ADC1_IRQHandler                          0x000004e1   Thumb Code     0  startup_mk64f12.o(.text)
    CAN0_Bus_Off_IRQHandler                  0x000004e1   Thumb Code     0  startup_mk64f12.o(.text)
    CAN0_Error_IRQHandler                    0x000004e1   Thumb Code     0  startup_mk64f12.o(.text)
    CAN0_ORed_Message_buffer_IRQHandler      0x000004e1   Thumb Code     0  startup_mk64f12.o(.text)
    CAN0_Rx_Warning_IRQHandler               0x000004e1   Thumb Code     0  startup_mk64f12.o(.text)
    CAN0_Tx_Warning_IRQHandler               0x000004e1   Thumb Code     0  startup_mk64f12.o(.text)
    CAN0_Wake_Up_IRQHandler                  0x000004e1   Thumb Code     0  startup_mk64f12.o(.text)
    CMP0_IRQHandler                          0x000004e1   Thumb Code     0  startup_mk64f12.o(.text)
    CMP1_IRQHandler                          0x000004e1   Thumb Code     0  startup_mk64f12.o(.text)
    CMP2_IRQHandler                          0x000004e1   Thumb Code     0  startup_mk64f12.o(.text)
    CMT_IRQHandler                           0x000004e1   Thumb Code     0  startup_mk64f12.o(.text)
    DAC0_IRQHandler                          0x000004e1   Thumb Code     0  startup_mk64f12.o(.text)
    DAC1_IRQHandler                          0x000004e1   Thumb Code     0  startup_mk64f12.o(.text)
    DMA0_IRQHandler                          0x000004e1   Thumb Code     0  startup_mk64f12.o(.text)
    DMA10_IRQHandler                         0x000004e1   Thumb Code     0  startup_mk64f12.o(.text)
    DMA11_IRQHandler                         0x000004e1   Thumb Code     0  startup_mk64f12.o(.text)
    DMA12_IRQHandler                         0x000004e1   Thumb Code     0  startup_mk64f12.o(.text)
    DMA13_IRQHandler                         0x000004e1   Thumb Code     0  startup_mk64f12.o(.text)
    DMA14_IRQHandler                         0x000004e1   Thumb Code     0  startup_mk64f12.o(.text)
    DMA15_IRQHandler                         0x000004e1   Thumb Code     0  startup_mk64f12.o(.text)
    DMA1_IRQHandler                          0x000004e1   Thumb Code     0  startup_mk64f12.o(.text)
    DMA2_IRQHandler                          0x000004e1   Thumb Code     0  startup_mk64f12.o(.text)
    DMA3_IRQHandler                          0x000004e1   Thumb Code     0  startup_mk64f12.o(.text)
    DMA4_IRQHandler                          0x000004e1   Thumb Code     0  startup_mk64f12.o(.text)
    DMA5_IRQHandler                          0x000004e1   Thumb Code     0  startup_mk64f12.o(.text)
    DMA6_IRQHandler                          0x000004e1   Thumb Code     0  startup_mk64f12.o(.text)
    DMA7_IRQHandler                          0x000004e1   Thumb Code     0  startup_mk64f12.o(.text)
    DMA8_IRQHandler                          0x000004e1   Thumb Code     0  startup_mk64f12.o(.text)
    DMA9_IRQHandler                          0x000004e1   Thumb Code     0  startup_mk64f12.o(.text)
    DMA_Error_IRQHandler                     0x000004e1   Thumb Code     0  startup_mk64f12.o(.text)
    DefaultISR                               0x000004e1   Thumb Code     0  startup_mk64f12.o(.text)
    ENET_1588_Timer_IRQHandler               0x000004e1   Thumb Code     0  startup_mk64f12.o(.text)
    ENET_Error_IRQHandler                    0x000004e1   Thumb Code     0  startup_mk64f12.o(.text)
    ENET_Receive_IRQHandler                  0x000004e1   Thumb Code     0  startup_mk64f12.o(.text)
    ENET_Transmit_IRQHandler                 0x000004e1   Thumb Code     0  startup_mk64f12.o(.text)
    FTFE_IRQHandler                          0x000004e1   Thumb Code     0  startup_mk64f12.o(.text)
    FTM0_IRQHandler                          0x000004e1   Thumb Code     0  startup_mk64f12.o(.text)
    FTM1_IRQHandler                          0x000004e1   Thumb Code     0  startup_mk64f12.o(.text)
    FTM2_IRQHandler                          0x000004e1   Thumb Code     0  startup_mk64f12.o(.text)
    FTM3_IRQHandler                          0x000004e1   Thumb Code     0  startup_mk64f12.o(.text)
    I2C0_IRQHandler                          0x000004e1   Thumb Code     0  startup_mk64f12.o(.text)
    I2C1_IRQHandler                          0x000004e1   Thumb Code     0  startup_mk64f12.o(.text)
    I2C2_IRQHandler                          0x000004e1   Thumb Code     0  startup_mk64f12.o(.text)
    I2S0_Rx_IRQHandler                       0x000004e1   Thumb Code     0  startup_mk64f12.o(.text)
    I2S0_Tx_IRQHandler                       0x000004e1   Thumb Code     0  startup_mk64f12.o(.text)
    LLW_IRQHandler                           0x000004e1   Thumb Code     0  startup_mk64f12.o(.text)
    LPTimer_IRQHandler                       0x000004e1   Thumb Code     0  startup_mk64f12.o(.text)
    LVD_LVW_IRQHandler                       0x000004e1   Thumb Code     0  startup_mk64f12.o(.text)
    MCG_IRQHandler                           0x000004e1   Thumb Code     0  startup_mk64f12.o(.text)
    MCM_IRQHandler                           0x000004e1   Thumb Code     0  startup_mk64f12.o(.text)
    PDB0_IRQHandler                          0x000004e1   Thumb Code     0  startup_mk64f12.o(.text)
    PIT0_IRQHandler                          0x000004e1   Thumb Code     0  startup_mk64f12.o(.text)
    PIT1_IRQHandler                          0x000004e1   Thumb Code     0  startup_mk64f12.o(.text)
    PIT2_IRQHandler                          0x000004e1   Thumb Code     0  startup_mk64f12.o(.text)
    PIT3_IRQHandler                          0x000004e1   Thumb Code     0  startup_mk64f12.o(.text)
    PORTA_IRQHandler                         0x000004e1   Thumb Code     0  startup_mk64f12.o(.text)
    PORTB_IRQHandler                         0x000004e1   Thumb Code     0  startup_mk64f12.o(.text)
    PORTD_IRQHandler                         0x000004e1   Thumb Code     0  startup_mk64f12.o(.text)
    PORTE_IRQHandler                         0x000004e1   Thumb Code     0  startup_mk64f12.o(.text)
    RNG_IRQHandler                           0x000004e1   Thumb Code     0  startup_mk64f12.o(.text)
    RTC_IRQHandler                           0x000004e1   Thumb Code     0  startup_mk64f12.o(.text)
    RTC_Seconds_IRQHandler                   0x000004e1   Thumb Code     0  startup_mk64f12.o(.text)
    Read_Collision_IRQHandler                0x000004e1   Thumb Code     0  startup_mk64f12.o(.text)
    Reserved71_IRQHandler                    0x000004e1   Thumb Code     0  startup_mk64f12.o(.text)
    SDHC_IRQHandler                          0x000004e1   Thumb Code     0  startup_mk64f12.o(.text)
    SPI0_IRQHandler                          0x000004e1   Thumb Code     0  startup_mk64f12.o(.text)
    SPI1_IRQHandler                          0x000004e1   Thumb Code     0  startup_mk64f12.o(.text)
    SPI2_IRQHandler                          0x000004e1   Thumb Code     0  startup_mk64f12.o(.text)
    SWI_IRQHandler                           0x000004e1   Thumb Code     0  startup_mk64f12.o(.text)
    UART0_ERR_IRQHandler                     0x000004e1   Thumb Code     0  startup_mk64f12.o(.text)
    UART0_LON_IRQHandler                     0x000004e1   Thumb Code     0  startup_mk64f12.o(.text)
    UART0_RX_TX_IRQHandler                   0x000004e1   Thumb Code     0  startup_mk64f12.o(.text)
    UART1_ERR_IRQHandler                     0x000004e1   Thumb Code     0  startup_mk64f12.o(.text)
    UART1_RX_TX_IRQHandler                   0x000004e1   Thumb Code     0  startup_mk64f12.o(.text)
    UART2_ERR_IRQHandler                     0x000004e1   Thumb Code     0  startup_mk64f12.o(.text)
    UART2_RX_TX_IRQHandler                   0x000004e1   Thumb Code     0  startup_mk64f12.o(.text)
    UART3_ERR_IRQHandler                     0x000004e1   Thumb Code     0  startup_mk64f12.o(.text)
    UART3_RX_TX_IRQHandler                   0x000004e1   Thumb Code     0  startup_mk64f12.o(.text)
    UART4_ERR_IRQHandler                     0x000004e1   Thumb Code     0  startup_mk64f12.o(.text)
    UART4_RX_TX_IRQHandler                   0x000004e1   Thumb Code     0  startup_mk64f12.o(.text)
    UART5_ERR_IRQHandler                     0x000004e1   Thumb Code     0  startup_mk64f12.o(.text)
    UART5_RX_TX_IRQHandler                   0x000004e1   Thumb Code     0  startup_mk64f12.o(.text)
    USB0_IRQHandler                          0x000004e1   Thumb Code     0  startup_mk64f12.o(.text)
    USBDCD_IRQHandler                        0x000004e1   Thumb Code     0  startup_mk64f12.o(.text)
    Watchdog_IRQHandler                      0x000004e1   Thumb Code     0  startup_mk64f12.o(.text)
    __user_initial_stackheap                 0x000004e5   Thumb Code     0  startup_mk64f12.o(.text)
    strtol                                   0x0000050d   Thumb Code   112  strtol.o(.text)
    __aeabi_memcpy4                          0x0000057d   Thumb Code     0  rt_memcpy_w.o(.text)
    __aeabi_memcpy8                          0x0000057d   Thumb Code     0  rt_memcpy_w.o(.text)
    __rt_memcpy_w                            0x0000057d   Thumb Code   100  rt_memcpy_w.o(.text)
    _memcpy_lastbytes_aligned                0x000005c5   Thumb Code     0  rt_memcpy_w.o(.text)
    __use_two_region_memory                  0x000005e1   Thumb Code     2  heapauxi.o(.text)
    __rt_heap_escrow$2region                 0x000005e3   Thumb Code     2  heapauxi.o(.text)
    __rt_heap_expand$2region                 0x000005e5   Thumb Code     2  heapauxi.o(.text)
    __rt_ctype_table                         0x000005e9   Thumb Code    16  rt_ctype_table.o(.text)
    __aeabi_errno_addr                       0x000005f9   Thumb Code     8  rt_errno_addr_intlibspace.o(.text)
    __errno$intlibspace                      0x000005f9   Thumb Code     0  rt_errno_addr_intlibspace.o(.text)
    __rt_errno_addr$intlibspace              0x000005f9   Thumb Code     0  rt_errno_addr_intlibspace.o(.text)
    __read_errno                             0x00000601   Thumb Code    10  _rserrno.o(.text)
    __set_errno                              0x0000060b   Thumb Code    12  _rserrno.o(.text)
    _strtoul                                 0x00000617   Thumb Code   158  _strtoul.o(.text)
    __user_libspace                          0x000006b5   Thumb Code     8  libspace.o(.text)
    __user_perproc_libspace                  0x000006b5   Thumb Code     0  libspace.o(.text)
    __user_perthread_libspace                0x000006b5   Thumb Code     0  libspace.o(.text)
    __rt_locale                              0x000006bd   Thumb Code     8  rt_locale_intlibspace.o(.text)
    _chval                                   0x000006c5   Thumb Code    28  _chval.o(.text)
    __user_setup_stackheap                   0x000006e1   Thumb Code    74  sys_stackheap_outer.o(.text)
    exit                                     0x0000072b   Thumb Code    18  exit.o(.text)
    strcmp                                   0x0000073d   Thumb Code   128  strcmpv7m.o(.text)
    _sys_exit                                0x000007bd   Thumb Code     8  sys_exit.o(.text)
    __I$use$semihosting                      0x000007c9   Thumb Code     0  use_no_semi.o(.text)
    __use_no_semihosting_swi                 0x000007c9   Thumb Code     2  use_no_semi.o(.text)
    __semihosting_library_function           0x000007cb   Thumb Code     0  indicate_semi.o(.text)
    I2CSendAngles                            0x000007cd   Thumb Code   216  main.o(i.I2CSendAngles)
    Menu_Back                                0x000008a9   Thumb Code    44  main.o(i.Menu_Back)
    Menu_ChangeAngle                         0x000008e1   Thumb Code    58  main.o(i.Menu_ChangeAngle)
    Menu_ChangeDate                          0x00000931   Thumb Code   666  main.o(i.Menu_ChangeDate)
    Menu_EngineeringMode                     0x00000c2d   Thumb Code   268  main.o(i.Menu_EngineeringMode)
    Menu_Numpad                              0x00000da9   Thumb Code   472  main.o(i.Menu_Numpad)
    Menu_SelectDate                          0x00000f95   Thumb Code   222  main.o(i.Menu_SelectDate)
    Menu_Settings                            0x000010f5   Thumb Code     2  main.o(i.Menu_Settings)
    Menu_StartScreen                         0x000010f9   Thumb Code   180  main.o(i.Menu_StartScreen)
    Menu_Topbar                              0x00001201   Thumb Code    24  main.o(i.Menu_Topbar)
    Menu_WifiSettings                        0x00001219   Thumb Code     2  main.o(i.Menu_WifiSettings)
    PORTC_IRQHandler                         0x0000121d   Thumb Code    66  lcd.o(i.PORTC_IRQHandler)
    PosComp                                  0x0000126d   Thumb Code   104  planetary_positioning.o(i.PosComp)
    SystemCoreClockUpdate                    0x000012f5   Thumb Code   426  system_mk64f12.o(i.SystemCoreClockUpdate)
    SystemInit                               0x000014b9   Thumb Code   330  system_mk64f12.o(i.SystemInit)
    __ARM_fpclassify                         0x00001635   Thumb Code    48  fpclassify.o(i.__ARM_fpclassify)
    __hardfp_asin                            0x00001669   Thumb Code   770  asin.o(i.__hardfp_asin)
    __hardfp_atan                            0x000019c9   Thumb Code   622  atan.o(i.__hardfp_atan)
    __hardfp_atan2                           0x00001ca1   Thumb Code   432  atan2.o(i.__hardfp_atan2)
    __hardfp_cos                             0x00001e91   Thumb Code   180  cos.o(i.__hardfp_cos)
    __hardfp_fabs                            0x00001f59   Thumb Code    20  fabs.o(i.__hardfp_fabs)
    __hardfp_floor                           0x00001f71   Thumb Code   252  floor.o(i.__hardfp_floor)
    __hardfp_sin                             0x00002089   Thumb Code   180  sin.o(i.__hardfp_sin)
    __hardfp_sqrt                            0x00002151   Thumb Code   122  sqrt.o(i.__hardfp_sqrt)
    __ieee754_rem_pio2                       0x000021d1   Thumb Code   938  rred.o(i.__ieee754_rem_pio2)
    __kernel_cos                             0x00002609   Thumb Code   322  cos_i.o(i.__kernel_cos)
    __kernel_poly                            0x00002779   Thumb Code   248  poly.o(i.__kernel_poly)
    __kernel_sin                             0x00002871   Thumb Code   280  sin_i.o(i.__kernel_sin)
    __mathlib_dbl_infnan                     0x000029a1   Thumb Code    20  dunder.o(i.__mathlib_dbl_infnan)
    __mathlib_dbl_infnan2                    0x000029b5   Thumb Code    20  dunder.o(i.__mathlib_dbl_infnan2)
    __mathlib_dbl_invalid                    0x000029c9   Thumb Code    24  dunder.o(i.__mathlib_dbl_invalid)
    __mathlib_dbl_underflow                  0x000029e9   Thumb Code    24  dunder.o(i.__mathlib_dbl_underflow)
    applyCalib                               0x00002a09   Thumb Code    94  lcd.o(i.applyCalib)
    atan                                     0x00002a71   Thumb Code    16  atan.o(i.atan)
    calibration                              0x00002a81   Thumb Code   254  lcd.o(i.calibration)
    checkDate                                0x00002b8d   Thumb Code   182  main.o(i.checkDate)
    compute_orbital_elements                 0x00002c45   Thumb Code  2982  planetary_positioning.o(i.compute_orbital_elements)
    enableTouchInterrupt                     0x00003845   Thumb Code    90  lcd.o(i.enableTouchInterrupt)
    fabs                                     0x000038b1   Thumb Code    24  fabs.o(i.fabs)
    format_I2C                               0x000038c9   Thumb Code   222  planetary_positioning.o(i.format_I2C)
    init                                     0x000039c9   Thumb Code   294  main.o(i.init)
    lcdClear                                 0x00003b25   Thumb Code    34  lcd.o(i.lcdClear)
    lcdDrawCircle                            0x00003b51   Thumb Code   222  lcd.o(i.lcdDrawCircle)
    lcdDrawLine                              0x00003c2f   Thumb Code   246  lcd.o(i.lcdDrawLine)
    lcdDrawRect                              0x00003d25   Thumb Code   162  lcd.o(i.lcdDrawRect)
    lcdPrintChar                             0x00003dc7   Thumb Code   148  lcd.o(i.lcdPrintChar)
    lcdPrintString                           0x00003e5b   Thumb Code    78  lcd.o(i.lcdPrintString)
    lcdReset                                 0x00003ea9   Thumb Code   692  lcd.o(i.lcdReset)
    lcdSetMem                                0x00004161   Thumb Code    86  lcd.o(i.lcdSetMem)
    lcdSetOrientation                        0x000041b9   Thumb Code   118  lcd.o(i.lcdSetOrientation)
    lcdSetPixel                              0x00004239   Thumb Code    40  lcd.o(i.lcdSetPixel)
    lcdcmd                                   0x00004261   Thumb Code    44  lcd.o(i.lcdcmd)
    lcddat                                   0x00004299   Thumb Code    44  lcd.o(i.lcddat)
    main                                     0x000042d1   Thumb Code    86  main.o(i.main)
    perturbations                            0x00004339   Thumb Code  3488  planetary_positioning.o(i.perturbations)
    planetsPos                               0x000050dd   Thumb Code  2196  planetary_positioning.o(i.planetsPos)
    plotLineHigh                             0x00005979   Thumb Code    96  lcd.o(i.plotLineHigh)
    plotLineLow                              0x000059d9   Thumb Code    94  lcd.o(i.plotLineLow)
    readX                                    0x00005a39   Thumb Code   142  lcd.o(i.readX)
    readY                                    0x00005add   Thumb Code   140  lcd.o(i.readY)
    ref_date                                 0x00005b7d   Thumb Code   136  planetary_positioning.o(i.ref_date)
    resetCalibrationMatrix                   0x00005c15   Thumb Code   342  lcd.o(i.resetCalibrationMatrix)
    rev                                      0x00005d75   Thumb Code    92  planetary_positioning.o(i.rev)
    setCalibrationMatrix                     0x00005dd9   Thumb Code   416  lcd.o(i.setCalibrationMatrix)
    sleep                                    0x00005f85   Thumb Code     2  main.o(i.sleep)
    sqrt                                     0x00005f87   Thumb Code   110  sqrt.o(i.sqrt)
    stateChange                              0x00005ff5   Thumb Code   380  main.o(i.stateChange)
    sunPos                                   0x00006175   Thumb Code   710  planetary_positioning.o(i.sunPos)
    wait_clock                               0x0000646d   Thumb Code    40  main.o(i.wait_clock)
    wait_ms                                  0x0000649d   Thumb Code    52  main.o(i.wait_ms)
    wait_us                                  0x000064d9   Thumb Code    18  main.o(i.wait_us)
    _get_lc_ctype                            0x000064ed   Thumb Code    44  lc_ctype_c.o(locale$$code)
    __aeabi_dneg                             0x00006519   Thumb Code     0  basic.o(x$fpl$basic)
    _dneg                                    0x00006519   Thumb Code     6  basic.o(x$fpl$basic)
    __aeabi_fneg                             0x0000651f   Thumb Code     0  basic.o(x$fpl$basic)
    _fneg                                    0x0000651f   Thumb Code     6  basic.o(x$fpl$basic)
    _dabs                                    0x00006525   Thumb Code     6  basic.o(x$fpl$basic)
    _fabs                                    0x0000652b   Thumb Code     6  basic.o(x$fpl$basic)
    __aeabi_d2f                              0x00006531   Thumb Code     0  d2f.o(x$fpl$d2f)
    _d2f                                     0x00006531   Thumb Code    98  d2f.o(x$fpl$d2f)
    __aeabi_dadd                             0x00006595   Thumb Code     0  daddsub_clz.o(x$fpl$dadd)
    _dadd                                    0x00006595   Thumb Code   332  daddsub_clz.o(x$fpl$dadd)
    __fpl_dcmp_Inf                           0x000066e5   Thumb Code    24  dcmpi.o(x$fpl$dcmpinf)
    __aeabi_ddiv                             0x000066fd   Thumb Code     0  ddiv.o(x$fpl$ddiv)
    _ddiv                                    0x000066fd   Thumb Code   552  ddiv.o(x$fpl$ddiv)
    __aeabi_d2iz                             0x000069ad   Thumb Code     0  dfix.o(x$fpl$dfix)
    _dfix                                    0x000069ad   Thumb Code    94  dfix.o(x$fpl$dfix)
    __aeabi_i2d                              0x00006a0b   Thumb Code     0  dflt_clz.o(x$fpl$dflt)
    _dflt                                    0x00006a0b   Thumb Code    46  dflt_clz.o(x$fpl$dflt)
    __aeabi_ui2d                             0x00006a39   Thumb Code     0  dflt_clz.o(x$fpl$dfltu)
    _dfltu                                   0x00006a39   Thumb Code    38  dflt_clz.o(x$fpl$dfltu)
    __aeabi_cdcmple                          0x00006a61   Thumb Code     0  dleqf.o(x$fpl$dleqf)
    _dcmple                                  0x00006a61   Thumb Code   120  dleqf.o(x$fpl$dleqf)
    __fpl_dcmple_InfNaN                      0x00006ac3   Thumb Code     0  dleqf.o(x$fpl$dleqf)
    __aeabi_dmul                             0x00006ad9   Thumb Code     0  dmul.o(x$fpl$dmul)
    _dmul                                    0x00006ad9   Thumb Code   332  dmul.o(x$fpl$dmul)
    __fpl_dnaninf                            0x00006c2d   Thumb Code   156  dnaninf.o(x$fpl$dnaninf)
    __fpl_dretinf                            0x00006cc9   Thumb Code    12  dretinf.o(x$fpl$dretinf)
    __aeabi_cdrcmple                         0x00006cd5   Thumb Code     0  drleqf.o(x$fpl$drleqf)
    _drcmple                                 0x00006cd5   Thumb Code   108  drleqf.o(x$fpl$drleqf)
    __aeabi_drsub                            0x00006d41   Thumb Code     0  daddsub_clz.o(x$fpl$drsb)
    _drsb                                    0x00006d41   Thumb Code    22  daddsub_clz.o(x$fpl$drsb)
    _dsqrt                                   0x00006d59   Thumb Code   404  dsqrt_umaal.o(x$fpl$dsqrt)
    __aeabi_dsub                             0x00006ef1   Thumb Code     0  daddsub_clz.o(x$fpl$dsub)
    _dsub                                    0x00006ef1   Thumb Code   464  daddsub_clz.o(x$fpl$dsub)
    _fp_init                                 0x000070c5   Thumb Code    10  fpinit.o(x$fpl$fpinit)
    __fplib_config_fpu_vfp                   0x000070cd   Thumb Code     0  fpinit.o(x$fpl$fpinit)
    __fplib_config_pureend_doubles           0x000070cd   Thumb Code     0  fpinit.o(x$fpl$fpinit)
    __fpl_fretinf                            0x000070cf   Thumb Code    10  fretinf.o(x$fpl$fretinf)
    __I$use$fp                               0x000070d8   Number         0  usenofp.o(x$fpl$usenofp)
    arial_10ptBitmaps                        0x000070d8   Data        1326  arial_10pt.o(.constdata)
    arial_10ptDescriptors                    0x00007606   Data         376  arial_10pt.o(.constdata)
    arial_10ptFontInfo                       0x00007780   Data          12  arial_10pt.o(.constdata)
    arial_14ptBitmaps                        0x0000778c   Data        2926  arial_14pt.o(.constdata)
    arial_14ptDescriptors                    0x000082fa   Data         376  arial_14pt.o(.constdata)
    arial_14ptFontInfo                       0x00008474   Data          12  arial_14pt.o(.constdata)
    __mathlib_zero                           0x00008598   Data           8  qnan.o(.constdata)
    Region$$Table$$Base                      0x00008690   Number         0  anon$$obj.o(Region$$Table)
    Region$$Table$$Limit                     0x000086b0   Number         0  anon$$obj.o(Region$$Table)
    __ctype                                  0x000086bd   Data           0  lc_ctype_c.o(locale$$data)
    Menu                                     0x20000000   Data          28  main.o(.data)
    calibBlank                               0x2000001c   Data          36  lcd.o(.data)
    height                                   0x20000040   Data           4  lcd.o(.data)
    width                                    0x20000044   Data           4  lcd.o(.data)
    d                                        0x20000048   Data           8  planetary_positioning.o(.data)
    SystemCoreClock                          0x20000050   Data           4  system_mk64f12.o(.data)
    pos                                      0x20000054   Data          12  lcd.o(.bss)
    calibReported                            0x20000060   Data          36  lcd.o(.bss)
    calibTrue                                0x20000084   Data          36  lcd.o(.bss)
    matrix                                   0x200000a8   Data          28  lcd.o(.bss)
    Sun                                      0x200000c8   Data          72  planetary_positioning.o(.bss)
    Mercury                                  0x20000110   Data          72  planetary_positioning.o(.bss)
    Venus                                    0x20000158   Data          72  planetary_positioning.o(.bss)
    Earth                                    0x200001a0   Data          72  planetary_positioning.o(.bss)
    Mars                                     0x200001e8   Data          72  planetary_positioning.o(.bss)
    Jupiter                                  0x20000230   Data          72  planetary_positioning.o(.bss)
    Saturn                                   0x20000278   Data          72  planetary_positioning.o(.bss)
    Uranus                                   0x200002c0   Data          72  planetary_positioning.o(.bss)
    Neptune                                  0x20000308   Data          72  planetary_positioning.o(.bss)
    __libspace_start                         0x20000350   Data          96  libspace.o(.bss)
    __temporary_stack_top$libspace           0x200003b0   Data           0  libspace.o(.bss)



==============================================================================

Memory Map of the image

  Image Entry point : 0x000004c3

  Load Region LR_1 (Base: 0x00000000, Size: 0x00008814, Max: 0xffffffff, ABSOLUTE)

    Execution Region ER_RO (Exec base: 0x00000000, Load base: 0x00000000, Size: 0x000087c0, Max: 0xffffffff, ABSOLUTE)

    Exec Addr    Load Addr    Size         Type   Attr      Idx    E Section Name        Object

    0x00000000   0x00000000   0x00000400   Data   RO          466    RESET               startup_mk64f12.o
    0x00000400   0x00000400   0x00000010   Code   RO          467    .ARM.__at_0x400     startup_mk64f12.o
    0x00000410   0x00000410   0x00000008   Code   RO          518  * !!!main             c_w.l(__main.o)
    0x00000418   0x00000418   0x00000034   Code   RO          860    !!!scatter          c_w.l(__scatter.o)
    0x0000044c   0x0000044c   0x0000001a   Code   RO          862    !!handler_copy      c_w.l(__scatter_copy.o)
    0x00000466   0x00000466   0x00000002   PAD
    0x00000468   0x00000468   0x0000001c   Code   RO          864    !!handler_zi        c_w.l(__scatter_zi.o)
    0x00000484   0x00000484   0x00000002   Code   RO          733    .ARM.Collect$$libinit$$00000000  c_w.l(libinit.o)
    0x00000486   0x00000486   0x00000004   Code   RO          734    .ARM.Collect$$libinit$$00000001  c_w.l(libinit2.o)
    0x0000048a   0x0000048a   0x00000000   Code   RO          737    .ARM.Collect$$libinit$$00000004  c_w.l(libinit2.o)
    0x0000048a   0x0000048a   0x00000000   Code   RO          740    .ARM.Collect$$libinit$$0000000A  c_w.l(libinit2.o)
    0x0000048a   0x0000048a   0x00000000   Code   RO          742    .ARM.Collect$$libinit$$0000000C  c_w.l(libinit2.o)
    0x0000048a   0x0000048a   0x00000000   Code   RO          744    .ARM.Collect$$libinit$$0000000E  c_w.l(libinit2.o)
    0x0000048a   0x0000048a   0x00000006   Code   RO          745    .ARM.Collect$$libinit$$0000000F  c_w.l(libinit2.o)
    0x00000490   0x00000490   0x00000000   Code   RO          747    .ARM.Collect$$libinit$$00000011  c_w.l(libinit2.o)
    0x00000490   0x00000490   0x0000000c   Code   RO          748    .ARM.Collect$$libinit$$00000012  c_w.l(libinit2.o)
    0x0000049c   0x0000049c   0x00000000   Code   RO          749    .ARM.Collect$$libinit$$00000013  c_w.l(libinit2.o)
    0x0000049c   0x0000049c   0x00000000   Code   RO          751    .ARM.Collect$$libinit$$00000015  c_w.l(libinit2.o)
    0x0000049c   0x0000049c   0x00000000   Code   RO          753    .ARM.Collect$$libinit$$00000017  c_w.l(libinit2.o)
    0x0000049c   0x0000049c   0x00000000   Code   RO          755    .ARM.Collect$$libinit$$00000019  c_w.l(libinit2.o)
    0x0000049c   0x0000049c   0x00000000   Code   RO          757    .ARM.Collect$$libinit$$0000001B  c_w.l(libinit2.o)
    0x0000049c   0x0000049c   0x00000000   Code   RO          759    .ARM.Collect$$libinit$$0000001D  c_w.l(libinit2.o)
    0x0000049c   0x0000049c   0x00000000   Code   RO          761    .ARM.Collect$$libinit$$0000001F  c_w.l(libinit2.o)
    0x0000049c   0x0000049c   0x00000000   Code   RO          763    .ARM.Collect$$libinit$$00000021  c_w.l(libinit2.o)
    0x0000049c   0x0000049c   0x00000000   Code   RO          765    .ARM.Collect$$libinit$$00000023  c_w.l(libinit2.o)
    0x0000049c   0x0000049c   0x00000000   Code   RO          767    .ARM.Collect$$libinit$$00000025  c_w.l(libinit2.o)
    0x0000049c   0x0000049c   0x00000000   Code   RO          771    .ARM.Collect$$libinit$$0000002C  c_w.l(libinit2.o)
    0x0000049c   0x0000049c   0x00000000   Code   RO          773    .ARM.Collect$$libinit$$0000002E  c_w.l(libinit2.o)
    0x0000049c   0x0000049c   0x00000000   Code   RO          775    .ARM.Collect$$libinit$$00000030  c_w.l(libinit2.o)
    0x0000049c   0x0000049c   0x00000000   Code   RO          777    .ARM.Collect$$libinit$$00000032  c_w.l(libinit2.o)
    0x0000049c   0x0000049c   0x00000002   Code   RO          778    .ARM.Collect$$libinit$$00000033  c_w.l(libinit2.o)
    0x0000049e   0x0000049e   0x00000002   Code   RO          808    .ARM.Collect$$libshutdown$$00000000  c_w.l(libshutdown.o)
    0x000004a0   0x000004a0   0x00000000   Code   RO          819    .ARM.Collect$$libshutdown$$00000002  c_w.l(libshutdown2.o)
    0x000004a0   0x000004a0   0x00000000   Code   RO          821    .ARM.Collect$$libshutdown$$00000004  c_w.l(libshutdown2.o)
    0x000004a0   0x000004a0   0x00000000   Code   RO          824    .ARM.Collect$$libshutdown$$00000007  c_w.l(libshutdown2.o)
    0x000004a0   0x000004a0   0x00000000   Code   RO          827    .ARM.Collect$$libshutdown$$0000000A  c_w.l(libshutdown2.o)
    0x000004a0   0x000004a0   0x00000000   Code   RO          829    .ARM.Collect$$libshutdown$$0000000C  c_w.l(libshutdown2.o)
    0x000004a0   0x000004a0   0x00000000   Code   RO          832    .ARM.Collect$$libshutdown$$0000000F  c_w.l(libshutdown2.o)
    0x000004a0   0x000004a0   0x00000002   Code   RO          833    .ARM.Collect$$libshutdown$$00000010  c_w.l(libshutdown2.o)
    0x000004a2   0x000004a2   0x00000000   Code   RO          620    .ARM.Collect$$rtentry$$00000000  c_w.l(__rtentry.o)
    0x000004a2   0x000004a2   0x00000000   Code   RO          696    .ARM.Collect$$rtentry$$00000002  c_w.l(__rtentry2.o)
    0x000004a2   0x000004a2   0x00000006   Code   RO          708    .ARM.Collect$$rtentry$$00000004  c_w.l(__rtentry4.o)
    0x000004a8   0x000004a8   0x00000000   Code   RO          698    .ARM.Collect$$rtentry$$00000009  c_w.l(__rtentry2.o)
    0x000004a8   0x000004a8   0x00000004   Code   RO          699    .ARM.Collect$$rtentry$$0000000A  c_w.l(__rtentry2.o)
    0x000004ac   0x000004ac   0x00000000   Code   RO          701    .ARM.Collect$$rtentry$$0000000C  c_w.l(__rtentry2.o)
    0x000004ac   0x000004ac   0x00000008   Code   RO          702    .ARM.Collect$$rtentry$$0000000D  c_w.l(__rtentry2.o)
    0x000004b4   0x000004b4   0x00000002   Code   RO          779    .ARM.Collect$$rtexit$$00000000  c_w.l(rtexit.o)
    0x000004b6   0x000004b6   0x00000000   Code   RO          786    .ARM.Collect$$rtexit$$00000002  c_w.l(rtexit2.o)
    0x000004b6   0x000004b6   0x00000004   Code   RO          787    .ARM.Collect$$rtexit$$00000003  c_w.l(rtexit2.o)
    0x000004ba   0x000004ba   0x00000006   Code   RO          788    .ARM.Collect$$rtexit$$00000004  c_w.l(rtexit2.o)
    0x000004c0   0x000004c0   0x0000004c   Code   RO          468  * .text               startup_mk64f12.o
    0x0000050c   0x0000050c   0x00000070   Code   RO          512    .text               c_w.l(strtol.o)
    0x0000057c   0x0000057c   0x00000064   Code   RO          514    .text               c_w.l(rt_memcpy_w.o)
    0x000005e0   0x000005e0   0x00000006   Code   RO          516    .text               c_w.l(heapauxi.o)
    0x000005e6   0x000005e6   0x00000002   PAD
    0x000005e8   0x000005e8   0x00000010   Code   RO          621    .text               c_w.l(rt_ctype_table.o)
    0x000005f8   0x000005f8   0x00000008   Code   RO          626    .text               c_w.l(rt_errno_addr_intlibspace.o)
    0x00000600   0x00000600   0x00000016   Code   RO          628    .text               c_w.l(_rserrno.o)
    0x00000616   0x00000616   0x0000009e   Code   RO          630    .text               c_w.l(_strtoul.o)
    0x000006b4   0x000006b4   0x00000008   Code   RO          692    .text               c_w.l(libspace.o)
    0x000006bc   0x000006bc   0x00000008   Code   RO          713    .text               c_w.l(rt_locale_intlibspace.o)
    0x000006c4   0x000006c4   0x0000001c   Code   RO          715    .text               c_w.l(_chval.o)
    0x000006e0   0x000006e0   0x0000004a   Code   RO          722    .text               c_w.l(sys_stackheap_outer.o)
    0x0000072a   0x0000072a   0x00000012   Code   RO          724    .text               c_w.l(exit.o)
    0x0000073c   0x0000073c   0x00000080   Code   RO          726    .text               c_w.l(strcmpv7m.o)
    0x000007bc   0x000007bc   0x0000000c   Code   RO          798    .text               c_w.l(sys_exit.o)
    0x000007c8   0x000007c8   0x00000002   Code   RO          809    .text               c_w.l(use_no_semi.o)
    0x000007ca   0x000007ca   0x00000000   Code   RO          811    .text               c_w.l(indicate_semi.o)
    0x000007ca   0x000007ca   0x00000002   PAD
    0x000007cc   0x000007cc   0x000000dc   Code   RO            4    i.I2CSendAngles     main.o
    0x000008a8   0x000008a8   0x00000038   Code   RO            5    i.Menu_Back         main.o
    0x000008e0   0x000008e0   0x00000050   Code   RO            6    i.Menu_ChangeAngle  main.o
    0x00000930   0x00000930   0x000002fc   Code   RO            7    i.Menu_ChangeDate   main.o
    0x00000c2c   0x00000c2c   0x0000017c   Code   RO            9    i.Menu_EngineeringMode  main.o
    0x00000da8   0x00000da8   0x000001ec   Code   RO           10    i.Menu_Numpad       main.o
    0x00000f94   0x00000f94   0x00000160   Code   RO           11    i.Menu_SelectDate   main.o
    0x000010f4   0x000010f4   0x00000002   Code   RO           12    i.Menu_Settings     main.o
    0x000010f6   0x000010f6   0x00000002   PAD
    0x000010f8   0x000010f8   0x00000108   Code   RO           13    i.Menu_StartScreen  main.o
    0x00001200   0x00001200   0x00000018   Code   RO           14    i.Menu_Topbar       main.o
    0x00001218   0x00001218   0x00000002   Code   RO           16    i.Menu_WifiSettings  main.o
    0x0000121a   0x0000121a   0x00000002   PAD
    0x0000121c   0x0000121c   0x00000050   Code   RO          206    i.PORTC_IRQHandler  lcd.o
    0x0000126c   0x0000126c   0x00000088   Code   RO          406    i.PosComp           planetary_positioning.o
    0x000012f4   0x000012f4   0x000001c4   Code   RO          477    i.SystemCoreClockUpdate  system_mk64f12.o
    0x000014b8   0x000014b8   0x0000017c   Code   RO          478    i.SystemInit        system_mk64f12.o
    0x00001634   0x00001634   0x00000030   Code   RO          676    i.__ARM_fpclassify  m_wm.l(fpclassify.o)
    0x00001664   0x00001664   0x00000004   PAD
    0x00001668   0x00001668   0x00000360   Code   RO          546    i.__hardfp_asin     m_wm.l(asin.o)
    0x000019c8   0x000019c8   0x000002d8   Code   RO          645    i.__hardfp_atan     m_wm.l(atan.o)
    0x00001ca0   0x00001ca0   0x000001f0   Code   RO          560    i.__hardfp_atan2    m_wm.l(atan2.o)
    0x00001e90   0x00001e90   0x000000c8   Code   RO          572    i.__hardfp_cos      m_wm.l(cos.o)
    0x00001f58   0x00001f58   0x00000014   Code   RO          584    i.__hardfp_fabs     m_wm.l(fabs.o)
    0x00001f6c   0x00001f6c   0x00000004   PAD
    0x00001f70   0x00001f70   0x00000118   Code   RO          590    i.__hardfp_floor    m_wm.l(floor.o)
    0x00002088   0x00002088   0x000000c8   Code   RO          596    i.__hardfp_sin      m_wm.l(sin.o)
    0x00002150   0x00002150   0x0000007a   Code   RO          608    i.__hardfp_sqrt     m_wm.l(sqrt.o)
    0x000021ca   0x000021ca   0x00000006   PAD
    0x000021d0   0x000021d0   0x00000438   Code   RO          681    i.__ieee754_rem_pio2  m_wm.l(rred.o)
    0x00002608   0x00002608   0x00000170   Code   RO          659    i.__kernel_cos      m_wm.l(cos_i.o)
    0x00002778   0x00002778   0x000000f8   Code   RO          678    i.__kernel_poly     m_wm.l(poly.o)
    0x00002870   0x00002870   0x00000130   Code   RO          686    i.__kernel_sin      m_wm.l(sin_i.o)
    0x000029a0   0x000029a0   0x00000014   Code   RO          663    i.__mathlib_dbl_infnan  m_wm.l(dunder.o)
    0x000029b4   0x000029b4   0x00000014   Code   RO          664    i.__mathlib_dbl_infnan2  m_wm.l(dunder.o)
    0x000029c8   0x000029c8   0x00000020   Code   RO          665    i.__mathlib_dbl_invalid  m_wm.l(dunder.o)
    0x000029e8   0x000029e8   0x00000020   Code   RO          668    i.__mathlib_dbl_underflow  m_wm.l(dunder.o)
    0x00002a08   0x00002a08   0x00000068   Code   RO          207    i.applyCalib        lcd.o
    0x00002a70   0x00002a70   0x00000010   Code   RO          647    i.atan              m_wm.l(atan.o)
    0x00002a80   0x00002a80   0x0000010c   Code   RO          208    i.calibration       lcd.o
    0x00002b8c   0x00002b8c   0x000000b6   Code   RO           17    i.checkDate         main.o
    0x00002c42   0x00002c42   0x00000002   PAD
    0x00002c44   0x00002c44   0x00000c00   Code   RO          407    i.compute_orbital_elements  planetary_positioning.o
    0x00003844   0x00003844   0x0000006c   Code   RO          210    i.enableTouchInterrupt  lcd.o
    0x000038b0   0x000038b0   0x00000018   Code   RO          586    i.fabs              m_wm.l(fabs.o)
    0x000038c8   0x000038c8   0x00000100   Code   RO          408    i.format_I2C        planetary_positioning.o
    0x000039c8   0x000039c8   0x0000015c   Code   RO           18    i.init              main.o
    0x00003b24   0x00003b24   0x0000002c   Code   RO          211    i.lcdClear          lcd.o
    0x00003b50   0x00003b50   0x000000de   Code   RO          212    i.lcdDrawCircle     lcd.o
    0x00003c2e   0x00003c2e   0x000000f6   Code   RO          213    i.lcdDrawLine       lcd.o
    0x00003d24   0x00003d24   0x000000a2   Code   RO          214    i.lcdDrawRect       lcd.o
    0x00003dc6   0x00003dc6   0x00000094   Code   RO          215    i.lcdPrintChar      lcd.o
    0x00003e5a   0x00003e5a   0x0000004e   Code   RO          216    i.lcdPrintString    lcd.o
    0x00003ea8   0x00003ea8   0x000002b8   Code   RO          219    i.lcdReset          lcd.o
    0x00004160   0x00004160   0x00000056   Code   RO          220    i.lcdSetMem         lcd.o
    0x000041b6   0x000041b6   0x00000002   PAD
    0x000041b8   0x000041b8   0x00000080   Code   RO          221    i.lcdSetOrientation  lcd.o
    0x00004238   0x00004238   0x00000028   Code   RO          222    i.lcdSetPixel       lcd.o
    0x00004260   0x00004260   0x00000038   Code   RO          223    i.lcdcmd            lcd.o
    0x00004298   0x00004298   0x00000038   Code   RO          224    i.lcddat            lcd.o
    0x000042d0   0x000042d0   0x00000068   Code   RO           19    i.main              main.o
    0x00004338   0x00004338   0x00000da4   Code   RO          409    i.perturbations     planetary_positioning.o
    0x000050dc   0x000050dc   0x0000089c   Code   RO          410    i.planetsPos        planetary_positioning.o
    0x00005978   0x00005978   0x00000060   Code   RO          225    i.plotLineHigh      lcd.o
    0x000059d8   0x000059d8   0x0000005e   Code   RO          226    i.plotLineLow       lcd.o
    0x00005a36   0x00005a36   0x00000002   PAD
    0x00005a38   0x00005a38   0x000000a4   Code   RO          227    i.readX             lcd.o
    0x00005adc   0x00005adc   0x000000a0   Code   RO          228    i.readY             lcd.o
    0x00005b7c   0x00005b7c   0x00000098   Code   RO          411    i.ref_date          planetary_positioning.o
    0x00005c14   0x00005c14   0x00000160   Code   RO          229    i.resetCalibrationMatrix  lcd.o
    0x00005d74   0x00005d74   0x00000064   Code   RO          412    i.rev               planetary_positioning.o
    0x00005dd8   0x00005dd8   0x000001ac   Code   RO          230    i.setCalibrationMatrix  lcd.o
    0x00005f84   0x00005f84   0x00000002   Code   RO           20    i.sleep             main.o
    0x00005f86   0x00005f86   0x0000006e   Code   RO          610    i.sqrt              m_wm.l(sqrt.o)
    0x00005ff4   0x00005ff4   0x00000180   Code   RO           21    i.stateChange       main.o
    0x00006174   0x00006174   0x000002f8   Code   RO          413    i.sunPos            planetary_positioning.o
    0x0000646c   0x0000646c   0x00000030   Code   RO           22    i.wait_clock        main.o
    0x0000649c   0x0000649c   0x0000003c   Code   RO           23    i.wait_ms           main.o
    0x000064d8   0x000064d8   0x00000012   Code   RO           24    i.wait_us           main.o
    0x000064ea   0x000064ea   0x00000002   PAD
    0x000064ec   0x000064ec   0x0000002c   Code   RO          718    locale$$code        c_w.l(lc_ctype_c.o)
    0x00006518   0x00006518   0x00000018   Code   RO          632    x$fpl$basic         fz_wm.l(basic.o)
    0x00006530   0x00006530   0x00000062   Code   RO          520    x$fpl$d2f           fz_wm.l(d2f.o)
    0x00006592   0x00006592   0x00000002   PAD
    0x00006594   0x00006594   0x00000150   Code   RO          522    x$fpl$dadd          fz_wm.l(daddsub_clz.o)
    0x000066e4   0x000066e4   0x00000018   Code   RO          720    x$fpl$dcmpinf       fz_wm.l(dcmpi.o)
    0x000066fc   0x000066fc   0x000002b0   Code   RO          529    x$fpl$ddiv          fz_wm.l(ddiv.o)
    0x000069ac   0x000069ac   0x0000005e   Code   RO          532    x$fpl$dfix          fz_wm.l(dfix.o)
    0x00006a0a   0x00006a0a   0x0000002e   Code   RO          537    x$fpl$dflt          fz_wm.l(dflt_clz.o)
    0x00006a38   0x00006a38   0x00000026   Code   RO          536    x$fpl$dfltu         fz_wm.l(dflt_clz.o)
    0x00006a5e   0x00006a5e   0x00000002   PAD
    0x00006a60   0x00006a60   0x00000078   Code   RO          634    x$fpl$dleqf         fz_wm.l(dleqf.o)
    0x00006ad8   0x00006ad8   0x00000154   Code   RO          542    x$fpl$dmul          fz_wm.l(dmul.o)
    0x00006c2c   0x00006c2c   0x0000009c   Code   RO          636    x$fpl$dnaninf       fz_wm.l(dnaninf.o)
    0x00006cc8   0x00006cc8   0x0000000c   Code   RO          638    x$fpl$dretinf       fz_wm.l(dretinf.o)
    0x00006cd4   0x00006cd4   0x0000006c   Code   RO          544    x$fpl$drleqf        fz_wm.l(drleqf.o)
    0x00006d40   0x00006d40   0x00000016   Code   RO          523    x$fpl$drsb          fz_wm.l(daddsub_clz.o)
    0x00006d56   0x00006d56   0x00000002   PAD
    0x00006d58   0x00006d58   0x00000198   Code   RO          640    x$fpl$dsqrt         fz_wm.l(dsqrt_umaal.o)
    0x00006ef0   0x00006ef0   0x000001d4   Code   RO          524    x$fpl$dsub          fz_wm.l(daddsub_clz.o)
    0x000070c4   0x000070c4   0x0000000a   Code   RO          783    x$fpl$fpinit        fz_wm.l(fpinit.o)
    0x000070ce   0x000070ce   0x0000000a   Code   RO          642    x$fpl$fretinf       fz_wm.l(fretinf.o)
    0x000070d8   0x000070d8   0x00000000   Code   RO          644    x$fpl$usenofp       fz_wm.l(usenofp.o)
    0x000070d8   0x000070d8   0x000006b4   Data   RO          382    .constdata          arial_10pt.o
    0x0000778c   0x0000778c   0x00000cf4   Data   RO          394    .constdata          arial_14pt.o
    0x00008480   0x00008480   0x00000050   Data   RO          549    .constdata          m_wm.l(asin.o)
    0x000084d0   0x000084d0   0x00000098   Data   RO          648    .constdata          m_wm.l(atan.o)
    0x00008568   0x00008568   0x00000030   Data   RO          660    .constdata          m_wm.l(cos_i.o)
    0x00008598   0x00008598   0x00000008   Data   RO          680    .constdata          m_wm.l(qnan.o)
    0x000085a0   0x000085a0   0x000000c8   Data   RO          683    .constdata          m_wm.l(rred.o)
    0x00008668   0x00008668   0x00000028   Data   RO          687    .constdata          m_wm.l(sin_i.o)
    0x00008690   0x00008690   0x00000020   Data   RO          858    Region$$Table       anon$$obj.o
    0x000086b0   0x000086b0   0x00000110   Data   RO          717    locale$$data        c_w.l(lc_ctype_c.o)


    Execution Region ER_RW (Exec base: 0x20000000, Load base: 0x000087c0, Size: 0x00000054, Max: 0xffffffff, ABSOLUTE)

    Exec Addr    Load Addr    Size         Type   Attr      Idx    E Section Name        Object

    0x20000000   0x000087c0   0x0000001c   Data   RW           26    .data               main.o
    0x2000001c   0x000087dc   0x0000002c   Data   RW          232    .data               lcd.o
    0x20000048   0x00008808   0x00000008   Data   RW          415    .data               planetary_positioning.o
    0x20000050   0x00008810   0x00000004   Data   RW          479    .data               system_mk64f12.o


    Execution Region ER_ZI (Exec base: 0x20000054, Load base: 0x00008814, Size: 0x0008075c, Max: 0xffffffff, ABSOLUTE)

    Exec Addr    Load Addr    Size         Type   Attr      Idx    E Section Name        Object

    0x20000054        -       0x00000070   Zero   RW          231    .bss                lcd.o
    0x200000c4   0x00008814   0x00000004   PAD
    0x200000c8        -       0x00000288   Zero   RW          414    .bss                planetary_positioning.o
    0x20000350        -       0x00000060   Zero   RW          693    .bss                c_w.l(libspace.o)
    0x200003b0        -       0x00000400   Zero   RW          465    HEAP                startup_mk64f12.o
    0x200007b0        -       0x00080000   Zero   RW          464    STACK               startup_mk64f12.o

